Archive member included because of file (symbol)

contiki-sky.a(contiki-sky-pla)
                              obj_sky/contiki-sky-main.o (init_platform)
contiki-sky.a(sht11-sensor.o)
                              sensor-node.co (sht11_sensor)
contiki-sky.a(light-sensor.o)
                              sensor-node.co (light_sensor)
contiki-sky.a(button-sensor.o)
                              sensor-node.co (button_sensor)
contiki-sky.a(ds2411.o)       obj_sky/contiki-sky-main.o (ds2411_init)
contiki-sky.a(xmem.o)         obj_sky/contiki-sky-main.o (xmem_init)
contiki-sky.a(node-id.o)      obj_sky/contiki-sky-main.o (node_id_restore)
contiki-sky.a(sensors.o)      sensor-node.co (sensors_event)
contiki-sky.a(cc2420.o)       obj_sky/contiki-sky-main.o (cc2420_set_pan_addr)
contiki-sky.a(cc2420-arch.o)  contiki-sky.a(cc2420.o) (cc2420_arch_init)
contiki-sky.a(sky-sensors.o)  contiki-sky.a(light-sensor.o) (sky_sensors_status)
contiki-sky.a(uart1.o)        obj_sky/contiki-sky-main.o (uart1_active)
contiki-sky.a(uart1-putchar.o)
                              sensor-node.co (putchar)
contiki-sky.a(msp430.o)       contiki-sky.a(uart1.o) (msp430_add_lpm_req)
contiki-sky.a(clock.o)        obj_sky/contiki-sky-main.o (clock_init)
contiki-sky.a(leds.o)         obj_sky/contiki-sky-main.o (leds_init)
contiki-sky.a(leds-arch.o)    contiki-sky.a(leds.o) (leds_arch_init)
contiki-sky.a(watchdog.o)     obj_sky/contiki-sky-main.o (watchdog_start)
contiki-sky.a(rtimer-arch.o)  obj_sky/contiki-sky-main.o (rtimer_arch_now)
contiki-sky.a(autostart.o)    obj_sky/contiki-sky-main.o (autostart_start)
contiki-sky.a(ctimer.o)       obj_sky/contiki-sky-main.o (ctimer_init)
contiki-sky.a(energest.o)     obj_sky/contiki-sky-main.o (energest_init)
contiki-sky.a(etimer.o)       contiki-sky.a(clock.o) (etimer_request_poll)
contiki-sky.a(process.o)      sensor-node.co (process_current)
contiki-sky.a(rtimer.o)       obj_sky/contiki-sky-main.o (rtimer_init)
contiki-sky.a(timer.o)        obj_sky/contiki-sky-main.o (timer_set)
contiki-sky.a(list.o)         contiki-sky.a(ctimer.o) (list_init)
contiki-sky.a(random.o)       obj_sky/contiki-sky-main.o (random_init)
contiki-sky.a(uip-ds6.o)      sensor-node.co (uip_ds6_if)
contiki-sky.a(uip-ds6-route.o)
                              contiki-sky.a(uip-ds6.o) (uip_ds6_route_init)
contiki-sky.a(uip6.o)         sensor-node.co (uip_len)
contiki-sky.a(uip-ds6-nbr.o)  contiki-sky.a(uip-ds6.o) (uip_ds6_neighbors_init)
contiki-sky.a(uip-nd6.o)      contiki-sky.a(uip6.o) (uip_nd6_init)
contiki-sky.a(sicslowpan.o)   obj_sky/contiki-sky-main.o (sicslowpan_driver)
contiki-sky.a(uip-debug.o)    sensor-node.co (uip_debug_ipaddr_print)
contiki-sky.a(uip-udp-packet.)
                              sensor-node.co (uip_udp_packet_sendto)
contiki-sky.a(tcpip.o)        contiki-sky.a(sicslowpan.o) (tcpip_set_outputfunc)
contiki-sky.a(rpl-dag.o)      contiki-sky.a(tcpip.o) (rpl_repair_root)
contiki-sky.a(rpl-timers.o)   contiki-sky.a(rpl-dag.o) (rpl_reset_dio_timer)
contiki-sky.a(rpl-ext-header.)
                              contiki-sky.a(uip6.o) (rpl_verify_header)
contiki-sky.a(rpl.o)          contiki-sky.a(rpl-timers.o) (rpl_get_mode)
contiki-sky.a(rpl-mrhof.o)    contiki-sky.a(rpl-dag.o) (rpl_mrhof)
contiki-sky.a(rpl-icmp6.o)    contiki-sky.a(rpl-timers.o) (dis_output)
contiki-sky.a(framer-802154.o)
                              contiki-sky.a(sicslowpan.o) (framer_802154)
contiki-sky.a(csma.o)         obj_sky/contiki-sky-main.o (csma_driver)
contiki-sky.a(frame802154.o)  contiki-sky.a(framer-802154.o) (frame802154_hdrlen)
contiki-sky.a(mac.o)          contiki-sky.a(csma.o) (mac_call_sent_callback)
contiki-sky.a(framer.o)       contiki-sky.a(framer-802154.o) (framer_canonical_create_and_secure)
contiki-sky.a(queuebuf.o)     obj_sky/contiki-sky-main.o (queuebuf_init)
contiki-sky.a(nbr-table.o)    contiki-sky.a(uip-ds6-route.o) (nbr_table_register)
contiki-sky.a(packetbuf.o)    contiki-sky.a(framer.o) (packetbuf_compact)
contiki-sky.a(linkaddr.o)     obj_sky/contiki-sky-main.o (linkaddr_copy)
contiki-sky.a(contikimac.o)   obj_sky/contiki-sky-main.o (contikimac_driver)
contiki-sky.a(nullsec.o)      obj_sky/contiki-sky-main.o (nullsec_driver)
contiki-sky.a(sht11.o)        contiki-sky.a(sht11-sensor.o) (sht11_init)
contiki-sky.a(spi.o)          contiki-sky.a(xmem.o) (spi_init)
contiki-sky.a(stimer.o)       contiki-sky.a(uip-ds6.o) (stimer_set)
contiki-sky.a(compower.o)     contiki-sky.a(contikimac.o) (compower_idle_activity)
contiki-sky.a(memb.o)         contiki-sky.a(uip-ds6-route.o) (memb_init)
contiki-sky.a(uip-icmp6.o)    contiki-sky.a(uip6.o) (uip_icmp6_input)
contiki-sky.a(mac-sequence.o)
                              contiki-sky.a(contikimac.o) (mac_sequence_is_duplicate)
/home/ashwin/Documents/MSc/6th-Sem/Networked_Embedded_Systems/Lab/Project_2/2018w/mspgcc-4.7.3/bin/../lib/gcc/msp430/4.7.3/mmpy-16/libgcc.a(_mulsi3.o)
                              contiki-sky.a(rpl-timers.o) (__mulsi3)
[...]
Memory Configuration

Name             Origin             Length             Attributes
sfr              0x0000000000000000 0x0000000000000010
peripheral_8bit  0x0000000000000010 0x00000000000000f0
peripheral_16bit 0x0000000000000100 0x0000000000000100
ram_mirror       0x0000000000000200 0x0000000000000800 xw
infomem          0x0000000000001000 0x0000000000000100
infob            0x0000000000001000 0x0000000000000080
infoa            0x0000000000001080 0x0000000000000080
ram              0x0000000000001100 0x0000000000002800 xw
rom              0x0000000000004000 0x000000000000bfe0 xr
vectors          0x000000000000ffe0 0x0000000000000020
bsl              0x0000000000000000 0x0000000000000000
infoc            0x0000000000000000 0x0000000000000000
infod            0x0000000000000000 0x0000000000000000
ram2             0x0000000000000000 0x0000000000000000 xw
usbram           0x0000000000000000 0x0000000000000000 xw
far_rom          0x0000000000000000 0x0000000000000000
*default*        0x0000000000000000 0xffffffffffffffff

Linker script and memory map

LOAD /home/ashwin/Documents/MSc/6th-Sem/Networked_Embedded_Systems/Lab/Project_2/2018w/mspgcc-4.7.3/bin/../lib/gcc/msp430/4.7.3/mmpy-16/crt0ivtbl16.o
LOAD sensor-node.co
LOAD obj_sky/contiki-sky-main.o
LOAD contiki-sky.a
LOAD /home/ashwin/Documents/MSc/6th-Sem/Networked_Embedded_Systems/Lab/Project_2/2018w/mspgcc-4.7.3/bin/../lib/gcc/msp430/4.7.3/mmpy-16/libgcc.a
LOAD /home/ashwin/Documents/MSc/6th-Sem/Networked_Embedded_Systems/Lab/Project_2/2018w/mspgcc-4.7.3/bin/../lib/gcc/msp430/4.7.3/../../../../msp430/lib/mmpy-16/libc.a
LOAD /home/ashwin/Documents/MSc/6th-Sem/Networked_Embedded_Systems/Lab/Project_2/2018w/mspgcc-4.7.3/bin/../lib/gcc/msp430/4.7.3/mmpy-16/libgcc.a
LOAD /home/ashwin/Documents/MSc/6th-Sem/Networked_Embedded_Systems/Lab/Project_2/2018w/mspgcc-4.7.3/bin/../lib/gcc/msp430/4.7.3/mmpy-16/libcrt0.a
                0x0000000000000080                PROVIDE (__info_segment_size, 0x80)
                0x0000000000001000                PROVIDE (__infob, 0x1000)
                0x0000000000001080                PROVIDE (__infoa, 0x1080)
                0x0000000000000000                __IE1 = 0x0
                0x0000000000000002                __IFG1 = 0x2
                0x0000000000000004                __ME1 = 0x4
                0x0000000000000001                __IE2 = 0x1
                0x0000000000000003                __IFG2 = 0x3
                0x0000000000000005                __ME2 = 0x5
                0x0000000000000120                __WDTCTL = 0x120
                0x0000000000000130                __MPY = 0x130
                0x0000000000000132                __MPYS = 0x132
                0x0000000000000134                __MAC = 0x134
                0x0000000000000136                __MACS = 0x136
                0x0000000000000138                __OP2 = 0x138
                0x000000000000013a                __RESLO = 0x13a
                0x000000000000013c                __RESHI = 0x13c
                0x000000000000013e                __SUMEXT = 0x13e
                0x0000000000000020                __P1IN = 0x20
                0x0000000000000021                __P1OUT = 0x21
                0x0000000000000022                __P1DIR = 0x22
                0x0000000000000023                __P1IFG = 0x23
                0x0000000000000024                __P1IES = 0x24
                0x0000000000000025                __P1IE = 0x25
                0x0000000000000026                __P1SEL = 0x26
                0x0000000000000028                __P2IN = 0x28
                0x0000000000000029                __P2OUT = 0x29
                0x000000000000002a                __P2DIR = 0x2a
                0x000000000000002b                __P2IFG = 0x2b
                0x000000000000002c                __P2IES = 0x2c
                0x000000000000002d                __P2IE = 0x2d
                0x000000000000002e                __P2SEL = 0x2e
                0x0000000000000018                __P3IN = 0x18
                0x0000000000000019                __P3OUT = 0x19
                0x000000000000001a                __P3DIR = 0x1a
                0x000000000000001b                __P3SEL = 0x1b
                0x000000000000001c                __P4IN = 0x1c
                0x000000000000001d                __P4OUT = 0x1d
                0x000000000000001e                __P4DIR = 0x1e
                0x000000000000001f                __P4SEL = 0x1f
                0x0000000000000030                __P5IN = 0x30
                0x0000000000000031                __P5OUT = 0x31
                0x0000000000000032                __P5DIR = 0x32
                0x0000000000000033                __P5SEL = 0x33
                0x0000000000000034                __P6IN = 0x34
                0x0000000000000035                __P6OUT = 0x35
                0x0000000000000036                __P6DIR = 0x36
                0x0000000000000037                __P6SEL = 0x37
                0x0000000000000070                __U0CTL = 0x70
                0x0000000000000071                __U0TCTL = 0x71
                0x0000000000000072                __U0RCTL = 0x72
                0x0000000000000073                __U0MCTL = 0x73
                0x0000000000000074                __U0BR0 = 0x74
                0x0000000000000075                __U0BR1 = 0x75
                0x0000000000000076                __U0RXBUF = 0x76
                0x0000000000000077                __U0TXBUF = 0x77
                0x0000000000000078                __U1CTL = 0x78
                0x0000000000000079                __U1TCTL = 0x79
                0x000000000000007a                __U1RCTL = 0x7a
                0x000000000000007b                __U1MCTL = 0x7b
                0x000000000000007c                __U1BR0 = 0x7c
                0x000000000000007d                __U1BR1 = 0x7d
                0x000000000000007e                __U1RXBUF = 0x7e
                0x000000000000007f                __U1TXBUF = 0x7f
                0x0000000000000050                __I2CIE = 0x50
                0x0000000000000051                __I2CIFG = 0x51
                0x0000000000000052                __I2CNDAT = 0x52
                0x0000000000000071                __I2CTCTL = 0x71
                0x0000000000000072                __I2CDCTL = 0x72
                0x0000000000000073                __I2CPSC = 0x73
                0x0000000000000074                __I2CSCLH = 0x74
                0x0000000000000075                __I2CSCLL = 0x75
                0x0000000000000076                __I2CDRB = 0x76
                0x0000000000000076                __I2CDRW = 0x76
                0x0000000000000118                __I2COA = 0x118
                0x000000000000011a                __I2CSA = 0x11a
                0x000000000000011c                __I2CIV = 0x11c
                0x000000000000012e                __TAIV = 0x12e
                0x0000000000000160                __TACTL = 0x160
                0x0000000000000162                __TACCTL0 = 0x162
                0x0000000000000164                __TACCTL1 = 0x164
                0x0000000000000166                __TACCTL2 = 0x166
                0x0000000000000170                __TAR = 0x170
                0x0000000000000172                __TACCR0 = 0x172
                0x0000000000000174                __TACCR1 = 0x174
                0x0000000000000176                __TACCR2 = 0x176
                0x000000000000011e                __TBIV = 0x11e
                0x0000000000000180                __TBCTL = 0x180
                0x0000000000000182                __TBCCTL0 = 0x182
                0x0000000000000184                __TBCCTL1 = 0x184
                0x0000000000000186                __TBCCTL2 = 0x186
                0x0000000000000188                __TBCCTL3 = 0x188
                0x000000000000018a                __TBCCTL4 = 0x18a
                0x000000000000018c                __TBCCTL5 = 0x18c
                0x000000000000018e                __TBCCTL6 = 0x18e
                0x0000000000000190                __TBR = 0x190
                0x0000000000000192                __TBCCR0 = 0x192
                0x0000000000000194                __TBCCR1 = 0x194
                0x0000000000000196                __TBCCR2 = 0x196
                0x0000000000000198                __TBCCR3 = 0x198
                0x000000000000019a                __TBCCR4 = 0x19a
                0x000000000000019c                __TBCCR5 = 0x19c
                0x000000000000019e                __TBCCR6 = 0x19e
                0x0000000000000056                __DCOCTL = 0x56
                0x0000000000000057                __BCSCTL1 = 0x57
                0x0000000000000058                __BCSCTL2 = 0x58
                0x0000000000000055                __SVSCTL = 0x55
                0x0000000000000128                __FCTL1 = 0x128
                0x000000000000012a                __FCTL2 = 0x12a
                0x000000000000012c                __FCTL3 = 0x12c
                0x0000000000000059                __CACTL1 = 0x59
                0x000000000000005a                __CACTL2 = 0x5a
                0x000000000000005b                __CAPD = 0x5b
                0x00000000000001a0                __ADC12CTL0 = 0x1a0
                0x00000000000001a2                __ADC12CTL1 = 0x1a2
                0x00000000000001a4                __ADC12IFG = 0x1a4
                0x00000000000001a6                __ADC12IE = 0x1a6
                0x00000000000001a8                __ADC12IV = 0x1a8
                0x0000000000000140                __ADC12MEM0 = 0x140
                0x0000000000000142                __ADC12MEM1 = 0x142
                0x0000000000000144                __ADC12MEM2 = 0x144
                0x0000000000000146                __ADC12MEM3 = 0x146
                0x0000000000000148                __ADC12MEM4 = 0x148
                0x000000000000014a                __ADC12MEM5 = 0x14a
                0x000000000000014c                __ADC12MEM6 = 0x14c
                0x000000000000014e                __ADC12MEM7 = 0x14e
                0x0000000000000150                __ADC12MEM8 = 0x150
                0x0000000000000152                __ADC12MEM9 = 0x152
                0x0000000000000154                __ADC12MEM10 = 0x154
                0x0000000000000156                __ADC12MEM11 = 0x156
                0x0000000000000158                __ADC12MEM12 = 0x158
                0x000000000000015a                __ADC12MEM13 = 0x15a
                0x000000000000015c                __ADC12MEM14 = 0x15c
                0x000000000000015e                __ADC12MEM15 = 0x15e
                0x0000000000000080                __ADC12MCTL0 = 0x80
                0x0000000000000081                __ADC12MCTL1 = 0x81
                0x0000000000000082                __ADC12MCTL2 = 0x82
                0x0000000000000083                __ADC12MCTL3 = 0x83
                0x0000000000000084                __ADC12MCTL4 = 0x84
                0x0000000000000085                __ADC12MCTL5 = 0x85
                0x0000000000000086                __ADC12MCTL6 = 0x86
                0x0000000000000087                __ADC12MCTL7 = 0x87
                0x0000000000000088                __ADC12MCTL8 = 0x88
                0x0000000000000089                __ADC12MCTL9 = 0x89
                0x000000000000008a                __ADC12MCTL10 = 0x8a
                0x000000000000008b                __ADC12MCTL11 = 0x8b
                0x000000000000008c                __ADC12MCTL12 = 0x8c
                0x000000000000008d                __ADC12MCTL13 = 0x8d
                0x000000000000008e                __ADC12MCTL14 = 0x8e
                0x000000000000008f                __ADC12MCTL15 = 0x8f
                0x00000000000001c0                __DAC12_0CTL = 0x1c0
                0x00000000000001c2                __DAC12_1CTL = 0x1c2
                0x00000000000001c8                __DAC12_0DAT = 0x1c8
                0x00000000000001ca                __DAC12_1DAT = 0x1ca
                0x0000000000000122                __DMACTL0 = 0x122
                0x0000000000000124                __DMACTL1 = 0x124
                0x00000000000001e0                __DMA0CTL = 0x1e0
                0x00000000000001e8                __DMA1CTL = 0x1e8
                0x00000000000001f0                __DMA2CTL = 0x1f0
                0x00000000000001e2                __DMA0SA = 0x1e2
                0x00000000000001e4                __DMA0DA = 0x1e4
                0x00000000000001e6                __DMA0SZ = 0x1e6
                0x00000000000001ea                __DMA1SA = 0x1ea
                0x00000000000001ec                __DMA1DA = 0x1ec
                0x00000000000001ee                __DMA1SZ = 0x1ee
                0x00000000000001f2                __DMA2SA = 0x1f2
                0x00000000000001f4                __DMA2DA = 0x1f4
                0x00000000000001f6                __DMA2SZ = 0x1f6

.hash
 *(.hash)

.dynsym
 *(.dynsym)

.dynstr
 *(.dynstr)

.gnu.version
 *(.gnu.version)

.gnu.version_d
 *(.gnu.version_d)

.gnu.version_r
 *(.gnu.version_r)

.rel.init
 *(.rel.init)

.rela.init
 *(.rela.init)

.rel.fini
 *(.rel.fini)

.rela.fini
 *(.rela.fini)

.rel.text
 *(.rel.text .rel.text.* .rel.gnu.linkonce.t.*)

.rela.text
 *(.rela.text .rela.text.* .rela.gnu.linkonce.t.*)

.rel.rodata
 *(.rel.rodata .rel.rodata.* .rel.gnu.linkonce.r.*)

.rela.rodata
 *(.rela.rodata .rela.rodata.* .rela.gnu.linkonce.r.*)

.rel.data
 *(.rel.data .rel.data.* .rel.gnu.linkonce.d.*)

.rela.data
 *(.rela.data .rela.data.* .rela.gnu.linkonce.d.*)

.rel.bss
 *(.rel.bss .rel.bss.* .rel.gnu.linkonce.b.*)

.rela.bss
 *(.rela.bss .rela.bss.* .rela.gnu.linkonce.b.*)

.rel.ctors
 *(.rel.ctors)

.rela.ctors
 *(.rela.ctors)

.rel.dtors
 *(.rel.dtors)

.rela.dtors
 *(.rela.dtors)

.rel.got
 *(.rel.got)

.rela.got
 *(.rela.got)

.rel.plt
 *(.rel.plt)

.rela.plt
 *(.rela.plt)

.text           0x0000000000004000     0xac5a
                0x0000000000004000                . = ALIGN (0x2)
 *(.init .init.*)
 *(.init0)
 .init0         0x0000000000004000        0x0 /home/ashwin/Documents/MSc/6th-Sem/Networked_Embedded_Systems/Lab/Project_2/2018w/mspgcc-4.7.3/bin/../lib/gcc/msp430/4.7.3/mmpy-16/libcrt0.a(_reset_vector__.o)
                0x0000000000004000                _reset_vector__
 *(.init1)
 .init1         0x0000000000004000        0xc /home/ashwin/Documents/MSc/6th-Sem/Networked_Embedded_Systems/Lab/Project_2/2018w/mspgcc-4.7.3/bin/../lib/gcc/msp430/4.7.3/mmpy-16/libcrt0.a(__watchdog_support.o)
                0x0000000000004000                __watchdog_support
 *(.init2)
 .init2         0x000000000000400c        0x4 /home/ashwin/Documents/MSc/6th-Sem/Networked_Embedded_Systems/Lab/Project_2/2018w/mspgcc-4.7.3/bin/../lib/gcc/msp430/4.7.3/mmpy-16/libcrt0.a(__init_stack.o)
                0x000000000000400c                __init_stack
 *(.init3)
 .init3         0x0000000000004010        0x0 /home/ashwin/Documents/MSc/6th-Sem/Networked_Embedded_Systems/Lab/Project_2/2018w/mspgcc-4.7.3/bin/../lib/gcc/msp430/4.7.3/mmpy-16/libcrt0.a(__low_level_init.o)
                0x0000000000004010                __low_level_init
 *(.init4)
 .init4         0x0000000000004010       0x18 /home/ashwin/Documents/MSc/6th-Sem/Networked_Embedded_Systems/Lab/Project_2/2018w/mspgcc-4.7.3/bin/../lib/gcc/msp430/4.7.3/mmpy-16/libcrt0.a(_copy_data.o)
                0x0000000000004010                __do_copy_data
 .init4         0x0000000000004028       0x16 /home/ashwin/Documents/MSc/6th-Sem/Networked_Embedded_Systems/Lab/Project_2/2018w/mspgcc-4.7.3/bin/../lib/gcc/msp430/4.7.3/mmpy-16/libcrt0.a(_clear_bss.o)
                0x0000000000004028                __do_clear_bss
 *(.init5)
 *(.init6)
 *(.init7)
 *(.init8)
 *(.init9)
 .init9         0x000000000000403e      0x2d6 obj_sky/contiki-sky-main.o
                0x000000000000403e                main
 *(.fini9)
 .fini9         0x0000000000004314        0x0 /home/ashwin/Documents/MSc/6th-Sem/Networked_Embedded_Systems/Lab/Project_2/2018w/mspgcc-4.7.3/bin/../lib/gcc/msp430/4.7.3/mmpy-16/libcrt0.a(__stop_progExec__.o)
                0x0000000000004314                __stop_progExec__
 *(.fini8)
 *(.fini7)
 *(.fini6)
 *(.fini5)
 *(.fini4)
 *(.fini3)
 *(.fini2)
 *(.fini1)
 *(.fini0)
 .fini0         0x0000000000004314        0x6 /home/ashwin/Documents/MSc/6th-Sem/Networked_Embedded_Systems/Lab/Project_2/2018w/mspgcc-4.7.3/bin/../lib/gcc/msp430/4.7.3/mmpy-16/libcrt0.a(_endless_loop__.o)
                0x0000000000004314                _endless_loop__
 *(.fini .fini.*)
                0x000000000000431a                . = ALIGN (0x2)
                0x000000000000431a                __ctors_start = .
 *(.ctors)
                0x000000000000431a                __ctors_end = .
                0x000000000000431a                __dtors_start = .
 *(.dtors)
                0x000000000000431a                __dtors_end = .
                0x000000000000431a                . = ALIGN (0x2)
 *(.text .text.* .gnu.linkonce.t.*)
 .text          0x000000000000431a        0x4 /home/ashwin/Documents/MSc/6th-Sem/Networked_Embedded_Systems/Lab/Project_2/2018w/mspgcc-4.7.3/bin/../lib/gcc/msp430/4.7.3/mmpy-16/crt0ivtbl16.o
                0x000000000000431a                __isr_14
                0x000000000000431a                __isr_11
                0x000000000000431a                __isr_2
                0x000000000000431a                __isr_7
                0x000000000000431a                __isr_0
                0x000000000000431a                __isr_8
                0x000000000000431a                __isr_3
                0x000000000000431a                __isr_12
                0x000000000000431a                __isr_13
                0x000000000000431a                __isr_9
 .text.process_thread_button_dummy
                0x000000000000431e       0x62 sensor-node.co
 .text.process_thread_udp_client_process
                0x0000000000004380      0x2ae sensor-node.co
 .text.send_packet
                0x000000000000462e       0x5a sensor-node.co
 .text.start_network_layer
                0x0000000000004688       0xa2 obj_sky/contiki-sky-main.o
 .text.init_platform
                0x000000000000472a        0xc contiki-sky.a(contiki-sky-pla)
                0x000000000000472a                init_platform
 .text.status   0x0000000000004736       0x14 contiki-sky.a(sht11-sensor.o)
 .text.value    0x000000000000474a       0x30 contiki-sky.a(sht11-sensor.o)
 .text.configure
                0x000000000000477a       0x3e contiki-sky.a(sht11-sensor.o)
 .text.value    0x00000000000047b8       0x1a contiki-sky.a(light-sensor.o)
 .text.status   0x00000000000047d2        0xc contiki-sky.a(light-sensor.o)
 .text.configure
                0x00000000000047de       0x10 contiki-sky.a(light-sensor.o)
 .text.status   0x00000000000047ee       0x18 contiki-sky.a(button-sensor.o)
 .text.value    0x0000000000004806       0x20 contiki-sky.a(button-sensor.o)
 .text.configure
                0x0000000000004826       0x4c contiki-sky.a(button-sensor.o)
 .text.irq_p2   0x0000000000004872       0x88 contiki-sky.a(button-sensor.o)
                0x0000000000004872                irq_p2
                0x0000000000004872                __isr_1
 .text.owreadb  0x00000000000048fa       0x50 contiki-sky.a(ds2411.o)
 .text.ds2411_init
                0x000000000000494a      0x120 contiki-sky.a(ds2411.o)
                0x000000000000494a                ds2411_init
 .text.wait_ready
                0x0000000000004a6a       0x4a contiki-sky.a(xmem.o)
 .text.xmem_init
                0x0000000000004ab4       0x3c contiki-sky.a(xmem.o)
                0x0000000000004ab4                xmem_init
 .text.xmem_pread
                0x0000000000004af0       0xda contiki-sky.a(xmem.o)
                0x0000000000004af0                xmem_pread
 .text.node_id_restore
                0x0000000000004bca       0x38 contiki-sky.a(node-id.o)
                0x0000000000004bca                node_id_restore
 .text.process_thread_sensors_process
                0x0000000000004c02       0xc2 contiki-sky.a(sensors.o)
 .text.sensors_changed
                0x0000000000004cc4       0x2a contiki-sky.a(sensors.o)
                0x0000000000004cc4                sensors_changed
 .text.get_object
                0x0000000000004cee        0x4 contiki-sky.a(cc2420.o)
 .text.set_object
                0x0000000000004cf2        0x4 contiki-sky.a(cc2420.o)
 .text.strobe   0x0000000000004cf6       0x1c contiki-sky.a(cc2420.o)
 .text.getreg   0x0000000000004d12       0x4c contiki-sky.a(cc2420.o)
 .text.setreg   0x0000000000004d5e       0x4c contiki-sky.a(cc2420.o)
 .text.write_ram
                0x0000000000004daa       0x7c contiki-sky.a(cc2420.o)
 .text.write_fifo_buf
                0x0000000000004e26       0x3c contiki-sky.a(cc2420.o)
 .text.get_status
                0x0000000000004e62       0x20 contiki-sky.a(cc2420.o)
 .text.set_txpower
                0x0000000000004e82       0x24 contiki-sky.a(cc2420.o)
 .text.cc2420_receiving_packet
                0x0000000000004ea6        0xc contiki-sky.a(cc2420.o)
 .text.pending_packet
                0x0000000000004eb2        0x8 contiki-sky.a(cc2420.o)
 .text.on       0x0000000000004eba       0x1e contiki-sky.a(cc2420.o)
 .text.wait_for_transmission
                0x0000000000004ed8       0x22 contiki-sky.a(cc2420.o)
 .text.wait_for_status
                0x0000000000004efa       0x28 contiki-sky.a(cc2420.o)
 .text.getrxdata
                0x0000000000004f22       0x50 contiki-sky.a(cc2420.o)
 .text.flushrx  0x0000000000004f72       0x1a contiki-sky.a(cc2420.o)
 .text.off      0x0000000000004f8c       0x56 contiki-sky.a(cc2420.o)
 .text.RELEASE_LOCK
                0x0000000000004fe2       0x28 contiki-sky.a(cc2420.o)
 .text.set_key  0x000000000000500a       0x18 contiki-sky.a(cc2420.o)
 .text.cc2420_prepare
                0x0000000000005022       0x3c contiki-sky.a(cc2420.o)
 .text.cc2420_on
                0x000000000000505e       0x22 contiki-sky.a(cc2420.o)
                0x000000000000505e                cc2420_on
 .text.cc2420_off
                0x0000000000005080       0x30 contiki-sky.a(cc2420.o)
                0x0000000000005080                cc2420_off
 .text.cc2420_cca
                0x00000000000050b0       0x68 contiki-sky.a(cc2420.o)
 .text.cc2420_read
                0x0000000000005118       0xac contiki-sky.a(cc2420.o)
 .text.process_thread_cc2420_process
                0x00000000000051c4       0x54 contiki-sky.a(cc2420.o)
 .text.encrypt  0x0000000000005218       0x88 contiki-sky.a(cc2420.o)
 .text.cc2420_set_channel
                0x00000000000052a0       0x3c contiki-sky.a(cc2420.o)
                0x00000000000052a0                cc2420_set_channel
 .text.cc2420_set_pan_addr
                0x00000000000052dc       0x4c contiki-sky.a(cc2420.o)
                0x00000000000052dc                cc2420_set_pan_addr
 .text.cc2420_interrupt
                0x0000000000005328       0x16 contiki-sky.a(cc2420.o)
                0x0000000000005328                cc2420_interrupt
 .text.cc2420_set_txpower
                0x000000000000533e        0xe contiki-sky.a(cc2420.o)
                0x000000000000533e                cc2420_set_txpower
 .text.cc2420_get_txpower
                0x000000000000534c       0x1e contiki-sky.a(cc2420.o)
                0x000000000000534c                cc2420_get_txpower
 .text.cc2420_transmit
                0x000000000000536a      0x110 contiki-sky.a(cc2420.o)
 .text.cc2420_send
                0x000000000000547a       0x12 contiki-sky.a(cc2420.o)
 .text.cc2420_rssi
                0x000000000000548c       0x4c contiki-sky.a(cc2420.o)
                0x000000000000548c                cc2420_rssi
 .text.get_value
                0x00000000000054d8       0xa8 contiki-sky.a(cc2420.o)
 .text.cc2420_set_cca_threshold
                0x0000000000005580       0x16 contiki-sky.a(cc2420.o)
                0x0000000000005580                cc2420_set_cca_threshold
 .text.set_value
                0x0000000000005596       0x86 contiki-sky.a(cc2420.o)
 .text.cc2420_init
                0x000000000000561c       0xd8 contiki-sky.a(cc2420.o)
                0x000000000000561c                cc2420_init
 .text.cc2420_port1_interrupt
                0x00000000000056f4       0x62 contiki-sky.a(cc2420-arch.o)
                0x00000000000056f4                __isr_4
                0x00000000000056f4                cc2420_port1_interrupt
 .text.cc2420_arch_init
                0x0000000000005756       0x1a contiki-sky.a(cc2420-arch.o)
                0x0000000000005756                cc2420_arch_init
 .text.sky_sensors_status
                0x0000000000005770       0x3c contiki-sky.a(sky-sensors.o)
                0x0000000000005770                sky_sensors_status
 .text.sky_sensors_configure
                0x00000000000057ac       0xee contiki-sky.a(sky-sensors.o)
                0x00000000000057ac                sky_sensors_configure
 .text.uart1_active
                0x000000000000589a       0x18 contiki-sky.a(uart1.o)
                0x000000000000589a                uart1_active
 .text.uart1_writeb
                0x00000000000058b2       0x18 contiki-sky.a(uart1.o)
                0x00000000000058b2                uart1_writeb
 .text.uart1_init
                0x00000000000058ca       0xf4 contiki-sky.a(uart1.o)
                0x00000000000058ca                uart1_init
 .text.putchar  0x00000000000059be       0x10 contiki-sky.a(uart1-putchar.o)
                0x00000000000059be                putchar
 .text.msp430_init_dco
                0x00000000000059ce       0x82 contiki-sky.a(msp430.o)
                0x00000000000059ce                msp430_init_dco
 .text.msp430_add_lpm_req
                0x0000000000005a50        0xc contiki-sky.a(msp430.o)
                0x0000000000005a50                msp430_add_lpm_req
 .text.msp430_cpu_init
                0x0000000000005a5c       0x2a contiki-sky.a(msp430.o)
                0x0000000000005a5c                msp430_cpu_init
 .text.splhigh_
                0x0000000000005a86        0x8 contiki-sky.a(msp430.o)
                0x0000000000005a86                splhigh_
 .text.msp430_sync_dco
                0x0000000000005a8e       0x6c contiki-sky.a(msp430.o)
                0x0000000000005a8e                msp430_sync_dco
 .text.timera1  0x0000000000005afa      0x11e contiki-sky.a(clock.o)
                0x0000000000005afa                __isr_5
                0x0000000000005afa                timera1
 .text.clock_time
                0x0000000000005c18       0x1a contiki-sky.a(clock.o)
                0x0000000000005c18                clock_time
 .text.clock_init
                0x0000000000005c32       0x28 contiki-sky.a(clock.o)
                0x0000000000005c32                clock_init
 .text.clock_delay
                0x0000000000005c5a        0xc contiki-sky.a(clock.o)
                0x0000000000005c5a                clock_delay
 .text.clock_wait
                0x0000000000005c66       0x30 contiki-sky.a(clock.o)
                0x0000000000005c66                clock_wait
 .text.clock_seconds
                0x0000000000005c96       0x1a contiki-sky.a(clock.o)
                0x0000000000005c96                clock_seconds
 .text.show_leds
                0x0000000000005cb0       0xf0 contiki-sky.a(leds.o)
 .text.leds_init
                0x0000000000005da0        0xa contiki-sky.a(leds.o)
                0x0000000000005da0                leds_init
 .text.leds_on  0x0000000000005daa        0xa contiki-sky.a(leds.o)
                0x0000000000005daa                leds_on
 .text.leds_off
                0x0000000000005db4        0xe contiki-sky.a(leds.o)
                0x0000000000005db4                leds_off
 .text.leds_arch_init
                0x0000000000005dc2        0xe contiki-sky.a(leds-arch.o)
                0x0000000000005dc2                leds_arch_init
 .text.leds_arch_set
                0x0000000000005dd0       0x38 contiki-sky.a(leds-arch.o)
                0x0000000000005dd0                leds_arch_set
 .text.watchdog_interrupt
                0x0000000000005e08        0x6 contiki-sky.a(watchdog.o)
                0x0000000000005e08                __isr_10
                0x0000000000005e08                watchdog_interrupt
 .text.watchdog_start
                0x0000000000005e0e       0x14 contiki-sky.a(watchdog.o)
                0x0000000000005e0e                watchdog_start
 .text.watchdog_periodic
                0x0000000000005e22       0x12 contiki-sky.a(watchdog.o)
                0x0000000000005e22                watchdog_periodic
 .text.watchdog_stop
                0x0000000000005e34       0x16 contiki-sky.a(watchdog.o)
                0x0000000000005e34                watchdog_stop
 .text.watchdog_init
                0x0000000000005e4a       0x12 contiki-sky.a(watchdog.o)
                0x0000000000005e4a                watchdog_init
 .text.rtimer_arch_init
                0x0000000000005e5c        0xe contiki-sky.a(rtimer-arch.o)
                0x0000000000005e5c                rtimer_arch_init
 .text.rtimer_arch_now
                0x0000000000005e6a        0xe contiki-sky.a(rtimer-arch.o)
                0x0000000000005e6a                rtimer_arch_now
 .text.timera0  0x0000000000005e78       0x70 contiki-sky.a(rtimer-arch.o)
                0x0000000000005e78                __isr_6
                0x0000000000005e78                timera0
 .text.rtimer_arch_schedule
                0x0000000000005ee8        0x6 contiki-sky.a(rtimer-arch.o)
                0x0000000000005ee8                rtimer_arch_schedule
 .text.autostart_start
                0x0000000000005eee       0x16 contiki-sky.a(autostart.o)
                0x0000000000005eee                autostart_start
 .text.process_thread_ctimer_process
                0x0000000000005f04       0xa8 contiki-sky.a(ctimer.o)
 .text.ctimer_init
                0x0000000000005fac       0x18 contiki-sky.a(ctimer.o)
                0x0000000000005fac                ctimer_init
 .text.ctimer_set
                0x0000000000005fc4       0x50 contiki-sky.a(ctimer.o)
                0x0000000000005fc4                ctimer_set
 .text.ctimer_reset
                0x0000000000006014       0x30 contiki-sky.a(ctimer.o)
                0x0000000000006014                ctimer_reset
 .text.ctimer_stop
                0x0000000000006044       0x28 contiki-sky.a(ctimer.o)
                0x0000000000006044                ctimer_stop
 .text.energest_init
                0x000000000000606c       0x26 contiki-sky.a(energest.o)
                0x000000000000606c                energest_init
 .text.energest_type_time
                0x0000000000006092       0x48 contiki-sky.a(energest.o)
                0x0000000000006092                energest_type_time
 .text.energest_type_set
                0x00000000000060da        0xe contiki-sky.a(energest.o)
                0x00000000000060da                energest_type_set
 .text.energest_flush
                0x00000000000060e8       0x48 contiki-sky.a(energest.o)
                0x00000000000060e8                energest_flush
 .text.update_time
                0x0000000000006130       0x78 contiki-sky.a(etimer.o)
 .text.etimer_request_poll
                0x00000000000061a8        0xa contiki-sky.a(etimer.o)
                0x00000000000061a8                etimer_request_poll
 .text.process_thread_etimer_process
                0x00000000000061b2       0xcc contiki-sky.a(etimer.o)
 .text.add_timer
                0x000000000000627e       0x40 contiki-sky.a(etimer.o)
 .text.etimer_set
                0x00000000000062be       0x12 contiki-sky.a(etimer.o)
                0x00000000000062be                etimer_set
 .text.etimer_reset
                0x00000000000062d0       0x12 contiki-sky.a(etimer.o)
                0x00000000000062d0                etimer_reset
 .text.etimer_restart
                0x00000000000062e2       0x12 contiki-sky.a(etimer.o)
                0x00000000000062e2                etimer_restart
 .text.etimer_expired
                0x00000000000062f4        0xe contiki-sky.a(etimer.o)
                0x00000000000062f4                etimer_expired
 .text.etimer_expiration_time
                0x0000000000006302       0x14 contiki-sky.a(etimer.o)
                0x0000000000006302                etimer_expiration_time
 .text.etimer_pending
                0x0000000000006316        0xc contiki-sky.a(etimer.o)
                0x0000000000006316                etimer_pending
 .text.etimer_next_expiration_time
                0x0000000000006322       0x16 contiki-sky.a(etimer.o)
                0x0000000000006322                etimer_next_expiration_time
 .text.etimer_stop
                0x0000000000006338       0x3e contiki-sky.a(etimer.o)
                0x0000000000006338                etimer_stop
 .text.call_process
                0x0000000000006376       0x46 contiki-sky.a(process.o)
 .text.exit_process
                0x00000000000063bc       0x96 contiki-sky.a(process.o)
 .text.do_poll  0x0000000000006452       0x30 contiki-sky.a(process.o)
 .text.process_alloc_event
                0x0000000000006482        0xe contiki-sky.a(process.o)
                0x0000000000006482                process_alloc_event
 .text.process_init
                0x0000000000006490       0x1c contiki-sky.a(process.o)
                0x0000000000006490                process_init
 .text.process_run
                0x00000000000064ac       0xa2 contiki-sky.a(process.o)
                0x00000000000064ac                process_run
 .text.process_nevents
                0x000000000000654e        0xe contiki-sky.a(process.o)
                0x000000000000654e                process_nevents
 .text.process_post
                0x000000000000655c       0x54 contiki-sky.a(process.o)
                0x000000000000655c                process_post
 .text.process_post_synch
                0x00000000000065b0       0x12 contiki-sky.a(process.o)
                0x00000000000065b0                process_post_synch
 .text.process_start
                0x00000000000065c2       0x36 contiki-sky.a(process.o)
                0x00000000000065c2                process_start
 .text.process_poll
                0x00000000000065f8       0x18 contiki-sky.a(process.o)
                0x00000000000065f8                process_poll
 .text.rtimer_init
                0x0000000000006610        0x6 contiki-sky.a(rtimer.o)
                0x0000000000006610                rtimer_init
 .text.rtimer_set
                0x0000000000006616       0x24 contiki-sky.a(rtimer.o)
                0x0000000000006616                rtimer_set
 .text.rtimer_run_next
                0x000000000000663a       0x26 contiki-sky.a(rtimer.o)
                0x000000000000663a                rtimer_run_next
 .text.timer_set
                0x0000000000006660       0x1c contiki-sky.a(timer.o)
                0x0000000000006660                timer_set
 .text.timer_reset
                0x000000000000667c        0xe contiki-sky.a(timer.o)
                0x000000000000667c                timer_reset
 .text.timer_restart
                0x000000000000668a       0x14 contiki-sky.a(timer.o)
                0x000000000000668a                timer_restart
 .text.timer_expired
                0x000000000000669e       0x2a contiki-sky.a(timer.o)
                0x000000000000669e                timer_expired
 .text.list_init
                0x00000000000066c8        0x6 contiki-sky.a(list.o)
                0x00000000000066c8                list_init
 .text.list_head
                0x00000000000066ce        0x4 contiki-sky.a(list.o)
                0x00000000000066ce                list_head
 .text.list_tail
                0x00000000000066d2       0x12 contiki-sky.a(list.o)
                0x00000000000066d2                list_tail
 .text.list_remove
                0x00000000000066e4       0x34 contiki-sky.a(list.o)
                0x00000000000066e4                list_remove
 .text.list_push
                0x0000000000006718       0x1a contiki-sky.a(list.o)
                0x0000000000006718                list_push
 .text.list_add
                0x0000000000006732       0x2a contiki-sky.a(list.o)
                0x0000000000006732                list_add
 .text.list_length
                0x000000000000675c       0x10 contiki-sky.a(list.o)
                0x000000000000675c                list_length
 .text.list_item_next
                0x000000000000676c        0xc contiki-sky.a(list.o)
                0x000000000000676c                list_item_next
 .text.random_init
                0x0000000000006778        0x6 contiki-sky.a(random.o)
                0x0000000000006778                random_init
 .text.random_rand
                0x000000000000677e        0x6 contiki-sky.a(random.o)
                0x000000000000677e                random_rand
 .text.uip_ds6_list_loop
                0x0000000000006784       0x86 contiki-sky.a(uip-ds6.o)
                0x0000000000006784                uip_ds6_list_loop
 .text.uip_ds6_prefix_add
                0x000000000000680a       0x80 contiki-sky.a(uip-ds6.o)
                0x000000000000680a                uip_ds6_prefix_add
 .text.uip_ds6_is_addr_onlink
                0x000000000000688a       0x54 contiki-sky.a(uip-ds6.o)
                0x000000000000688a                uip_ds6_is_addr_onlink
 .text.uip_ds6_addr_lookup
                0x00000000000068de       0x2a contiki-sky.a(uip-ds6.o)
                0x00000000000068de                uip_ds6_addr_lookup
 .text.uip_ds6_get_link_local
                0x0000000000006908       0x3e contiki-sky.a(uip-ds6.o)
                0x0000000000006908                uip_ds6_get_link_local
 .text.uip_ds6_maddr_add
                0x0000000000006946       0x4c contiki-sky.a(uip-ds6.o)
                0x0000000000006946                uip_ds6_maddr_add
 .text.uip_ds6_addr_add
                0x0000000000006992       0xc4 contiki-sky.a(uip-ds6.o)
                0x0000000000006992                uip_ds6_addr_add
 .text.uip_ds6_maddr_rm
                0x0000000000006a56        0xa contiki-sky.a(uip-ds6.o)
                0x0000000000006a56                uip_ds6_maddr_rm
 .text.uip_ds6_maddr_lookup
                0x0000000000006a60       0x2a contiki-sky.a(uip-ds6.o)
                0x0000000000006a60                uip_ds6_maddr_lookup
 .text.uip_ds6_addr_rm
                0x0000000000006a8a       0x54 contiki-sky.a(uip-ds6.o)
                0x0000000000006a8a                uip_ds6_addr_rm
 .text.uip_ds6_periodic
                0x0000000000006ade       0x4a contiki-sky.a(uip-ds6.o)
                0x0000000000006ade                uip_ds6_periodic
 .text.uip_ds6_set_addr_iid
                0x0000000000006b28       0x14 contiki-sky.a(uip-ds6.o)
                0x0000000000006b28                uip_ds6_set_addr_iid
 .text.get_match_length
                0x0000000000006b3c       0x44 contiki-sky.a(uip-ds6.o)
                0x0000000000006b3c                get_match_length
 .text.uip_ds6_select_src
                0x0000000000006b80       0xaa contiki-sky.a(uip-ds6.o)
                0x0000000000006b80                uip_ds6_select_src
 .text.uip_ds6_compute_reachable_time
                0x0000000000006c2a       0x3e contiki-sky.a(uip-ds6.o)
                0x0000000000006c2a                uip_ds6_compute_reachable_time
 .text.uip_ds6_init
                0x0000000000006c68      0x154 contiki-sky.a(uip-ds6.o)
                0x0000000000006c68                uip_ds6_init
 .text.call_route_callback
                0x0000000000006dbc       0x4c contiki-sky.a(uip-ds6-route.o)
 .text.uip_ds6_route_init
                0x0000000000006e08       0x36 contiki-sky.a(uip-ds6-route.o)
                0x0000000000006e08                uip_ds6_route_init
 .text.uip_ds6_route_nexthop
                0x0000000000006e3e       0x1a contiki-sky.a(uip-ds6-route.o)
                0x0000000000006e3e                uip_ds6_route_nexthop
 .text.uip_ds6_route_head
                0x0000000000006e58        0xa contiki-sky.a(uip-ds6-route.o)
                0x0000000000006e58                uip_ds6_route_head
 .text.uip_ds6_route_next
                0x0000000000006e62        0xe contiki-sky.a(uip-ds6-route.o)
                0x0000000000006e62                uip_ds6_route_next
 .text.uip_ds6_route_lookup
                0x0000000000006e70       0x8c contiki-sky.a(uip-ds6-route.o)
                0x0000000000006e70                uip_ds6_route_lookup
 .text.uip_ds6_route_rm
                0x0000000000006efc       0xa6 contiki-sky.a(uip-ds6-route.o)
                0x0000000000006efc                uip_ds6_route_rm
 .text.rm_routelist
                0x0000000000006fa2       0x34 contiki-sky.a(uip-ds6-route.o)
 .text.rm_routelist_callback
                0x0000000000006fd6        0x6 contiki-sky.a(uip-ds6-route.o)
 .text.uip_ds6_route_add
                0x0000000000006fdc      0x10c contiki-sky.a(uip-ds6-route.o)
                0x0000000000006fdc                uip_ds6_route_add
 .text.uip_ds6_defrt_rm
                0x00000000000070e8       0x48 contiki-sky.a(uip-ds6-route.o)
                0x00000000000070e8                uip_ds6_defrt_rm
 .text.uip_ds6_defrt_lookup
                0x0000000000007130       0x36 contiki-sky.a(uip-ds6-route.o)
                0x0000000000007130                uip_ds6_defrt_lookup
 .text.uip_ds6_defrt_add
                0x0000000000007166       0x74 contiki-sky.a(uip-ds6-route.o)
                0x0000000000007166                uip_ds6_defrt_add
 .text.uip_ds6_defrt_choose
                0x00000000000071da       0x3a contiki-sky.a(uip-ds6-route.o)
                0x00000000000071da                uip_ds6_defrt_choose
 .text.uip_ds6_defrt_periodic
                0x0000000000007214       0x38 contiki-sky.a(uip-ds6-route.o)
                0x0000000000007214                uip_ds6_defrt_periodic
 .text.chksum   0x000000000000724c       0x32 contiki-sky.a(uip6.o)
 .text.upper_layer_chksum
                0x000000000000727e       0x56 contiki-sky.a(uip6.o)
 .text.ext_hdr_options_process
                0x00000000000072d4       0xd0 contiki-sky.a(uip6.o)
 .text.uip_add32
                0x00000000000073a4       0x68 contiki-sky.a(uip6.o)
                0x00000000000073a4                uip_add32
 .text.uip_add_rcv_nxt
                0x000000000000740c       0x2e contiki-sky.a(uip6.o)
 .text.uip_icmp6chksum
                0x000000000000743a        0xa contiki-sky.a(uip6.o)
                0x000000000000743a                uip_icmp6chksum
 .text.uip_tcpchksum
                0x0000000000007444        0xa contiki-sky.a(uip6.o)
                0x0000000000007444                uip_tcpchksum
 .text.uip_udpchksum
                0x000000000000744e        0xa contiki-sky.a(uip6.o)
                0x000000000000744e                uip_udpchksum
 .text.uip_init
                0x0000000000007458       0x7a contiki-sky.a(uip6.o)
                0x0000000000007458                uip_init
 .text.remove_ext_hdr
                0x00000000000074d2       0x58 contiki-sky.a(uip6.o)
                0x00000000000074d2                remove_ext_hdr
 .text.uip_udp_new
                0x000000000000752a       0xe4 contiki-sky.a(uip6.o)
                0x000000000000752a                uip_udp_new
 .text.uip_unlisten
                0x000000000000760e       0x2a contiki-sky.a(uip6.o)
                0x000000000000760e                uip_unlisten
 .text.uip_process
                0x0000000000007638      0xe8e contiki-sky.a(uip6.o)
                0x0000000000007638                uip_process
 .text.uip_htonl
                0x00000000000084c6       0x2e contiki-sky.a(uip6.o)
                0x00000000000084c6                uip_htonl
 .text.uip_ds6_nbr_rm
                0x00000000000084f4       0x1a contiki-sky.a(uip-ds6-nbr.o)
                0x00000000000084f4                uip_ds6_nbr_rm
 .text.uip_ds6_neighbors_init
                0x000000000000850e        0xe contiki-sky.a(uip-ds6-nbr.o)
                0x000000000000850e                uip_ds6_neighbors_init
 .text.uip_ds6_nbr_add
                0x000000000000851c       0x60 contiki-sky.a(uip-ds6-nbr.o)
                0x000000000000851c                uip_ds6_nbr_add
 .text.uip_ds6_nbr_get_ll
                0x000000000000857c        0xc contiki-sky.a(uip-ds6-nbr.o)
                0x000000000000857c                uip_ds6_nbr_get_ll
 .text.uip_ds6_nbr_lookup
                0x0000000000008588       0x42 contiki-sky.a(uip-ds6-nbr.o)
                0x0000000000008588                uip_ds6_nbr_lookup
 .text.uip_ds6_nbr_ll_lookup
                0x00000000000085ca        0xc contiki-sky.a(uip-ds6-nbr.o)
                0x00000000000085ca                uip_ds6_nbr_ll_lookup
 .text.uip_ds6_nbr_ipaddr_from_lladdr
                0x00000000000085d6        0x6 contiki-sky.a(uip-ds6-nbr.o)
                0x00000000000085d6                uip_ds6_nbr_ipaddr_from_lladdr
 .text.uip_ds6_nbr_lladdr_from_ipaddr
                0x00000000000085dc       0x12 contiki-sky.a(uip-ds6-nbr.o)
                0x00000000000085dc                uip_ds6_nbr_lladdr_from_ipaddr
 .text.uip_ds6_link_neighbor_callback
                0x00000000000085ee       0x2a contiki-sky.a(uip-ds6-nbr.o)
                0x00000000000085ee                uip_ds6_link_neighbor_callback
 .text.uip_ds6_neighbor_periodic
                0x0000000000008618       0x60 contiki-sky.a(uip-ds6-nbr.o)
                0x0000000000008618                uip_ds6_neighbor_periodic
 .text.uip_nd6_init
                0x0000000000008678        0x2 contiki-sky.a(uip-nd6.o)
                0x0000000000008678                uip_nd6_init
 .text.set_packet_attrs
                0x000000000000867a       0x46 contiki-sky.a(sicslowpan.o)
 .text.addr_context_lookup_by_number
                0x00000000000086c0       0x32 contiki-sky.a(sicslowpan.o)
 .text.compress_addr_64
                0x00000000000086f2       0xae contiki-sky.a(sicslowpan.o)
 .text.uncompress_addr
                0x00000000000087a0       0xb4 contiki-sky.a(sicslowpan.o)
 .text.input    0x0000000000008854      0x64e contiki-sky.a(sicslowpan.o)
 .text.sicslowpan_init
                0x0000000000008ea2       0x26 contiki-sky.a(sicslowpan.o)
                0x0000000000008ea2                sicslowpan_init
 .text.addr_context_lookup_by_prefix
                0x0000000000008ec8       0x4c contiki-sky.a(sicslowpan.o)
 .text.packet_sent
                0x0000000000008f14       0x22 contiki-sky.a(sicslowpan.o)
 .text.send_packet
                0x0000000000008f36       0x1a contiki-sky.a(sicslowpan.o)
 .text.output   0x0000000000008f50      0x6c6 contiki-sky.a(sicslowpan.o)
 .text.uip_debug_ipaddr_print
                0x0000000000009616       0x7e contiki-sky.a(uip-debug.o)
                0x0000000000009616                uip_debug_ipaddr_print
 .text.uip_udp_packet_send
                0x0000000000009694       0x2e contiki-sky.a(uip-udp-packet.)
                0x0000000000009694                uip_udp_packet_send
 .text.uip_udp_packet_sendto
                0x00000000000096c2       0x66 contiki-sky.a(uip-udp-packet.)
                0x00000000000096c2                uip_udp_packet_sendto
 .text.start_periodic_tcp_timer
                0x0000000000009728       0x16 contiki-sky.a(tcpip.o)
 .text.tcpip_output
                0x000000000000973e       0x10 contiki-sky.a(tcpip.o)
                0x000000000000973e                tcpip_output
 .text.tcpip_set_outputfunc
                0x000000000000974e        0x6 contiki-sky.a(tcpip.o)
                0x000000000000974e                tcpip_set_outputfunc
 .text.udp_new  0x0000000000009754       0x1a contiki-sky.a(tcpip.o)
                0x0000000000009754                udp_new
 .text.tcpip_input
                0x000000000000976e       0x16 contiki-sky.a(tcpip.o)
                0x000000000000976e                tcpip_input
 .text.tcpip_ipv6_output
                0x0000000000009784       0xd4 contiki-sky.a(tcpip.o)
                0x0000000000009784                tcpip_ipv6_output
 .text.process_thread_tcpip_process
                0x0000000000009858      0x1d4 contiki-sky.a(tcpip.o)
 .text.tcpip_uipcall
                0x0000000000009a2c       0x70 contiki-sky.a(tcpip.o)
                0x0000000000009a2c                tcpip_uipcall
 .text.lollipop_greater_than
                0x0000000000009a9c       0x3c contiki-sky.a(rpl-dag.o)
 .text.find_parent_any_dag_any_instance
                0x0000000000009ad8       0x14 contiki-sky.a(rpl-dag.o)
 .text.rpl_set_preferred_parent
                0x0000000000009aec       0x30 contiki-sky.a(rpl-dag.o)
 .text.set_ip_from_prefix
                0x0000000000009b1c       0x38 contiki-sky.a(rpl-dag.o)
 .text.check_prefix
                0x0000000000009b54       0x80 contiki-sky.a(rpl-dag.o)
 .text.rpl_get_nbr
                0x0000000000009bd4       0x1e contiki-sky.a(rpl-dag.o)
                0x0000000000009bd4                rpl_get_nbr
 .text.rpl_dag_init
                0x0000000000009bf2        0xe contiki-sky.a(rpl-dag.o)
                0x0000000000009bf2                rpl_dag_init
 .text.rpl_get_parent
                0x0000000000009c00        0xc contiki-sky.a(rpl-dag.o)
                0x0000000000009c00                rpl_get_parent
 .text.rpl_get_parent_ipaddr
                0x0000000000009c0c       0x10 contiki-sky.a(rpl-dag.o)
                0x0000000000009c0c                rpl_get_parent_ipaddr
 .text.rpl_set_prefix
                0x0000000000009c1c       0x8e contiki-sky.a(rpl-dag.o)
                0x0000000000009c1c                rpl_set_prefix
 .text.rpl_set_default_route
                0x0000000000009caa       0x64 contiki-sky.a(rpl-dag.o)
                0x0000000000009caa                rpl_set_default_route
 .text.rpl_alloc_instance
                0x0000000000009d0e       0x34 contiki-sky.a(rpl-dag.o)
                0x0000000000009d0e                rpl_alloc_instance
 .text.rpl_add_parent
                0x0000000000009d42       0x56 contiki-sky.a(rpl-dag.o)
                0x0000000000009d42                rpl_add_parent
 .text.rpl_find_parent
                0x0000000000009d98       0x1c contiki-sky.a(rpl-dag.o)
                0x0000000000009d98                rpl_find_parent
 .text.rpl_find_parent_any_dag
                0x0000000000009db4       0x24 contiki-sky.a(rpl-dag.o)
                0x0000000000009db4                rpl_find_parent_any_dag
 .text.rpl_select_parent
                0x0000000000009dd8       0x7e contiki-sky.a(rpl-dag.o)
                0x0000000000009dd8                rpl_select_parent
 .text.rpl_select_dag
                0x0000000000009e56      0x1ae contiki-sky.a(rpl-dag.o)
                0x0000000000009e56                rpl_select_dag
 .text.rpl_nullify_parent
                0x000000000000a004       0x54 contiki-sky.a(rpl-dag.o)
                0x000000000000a004                rpl_nullify_parent
 .text.rpl_remove_parent
                0x000000000000a058       0x16 contiki-sky.a(rpl-dag.o)
                0x000000000000a058                rpl_remove_parent
 .text.nbr_callback
                0x000000000000a06e        0x6 contiki-sky.a(rpl-dag.o)
 .text.remove_parents.constprop.5
                0x000000000000a074       0x32 contiki-sky.a(rpl-dag.o)
 .text.rpl_move_parent
                0x000000000000a0a6       0x5a contiki-sky.a(rpl-dag.o)
                0x000000000000a0a6                rpl_move_parent
 .text.rpl_get_any_dag
                0x000000000000a100       0x16 contiki-sky.a(rpl-dag.o)
                0x000000000000a100                rpl_get_any_dag
 .text.rpl_get_instance
                0x000000000000a116       0x16 contiki-sky.a(rpl-dag.o)
                0x000000000000a116                rpl_get_instance
 .text.rpl_alloc_dag
                0x000000000000a12c       0x64 contiki-sky.a(rpl-dag.o)
                0x000000000000a12c                rpl_alloc_dag
 .text.rpl_repair_root
                0x000000000000a190       0x4c contiki-sky.a(rpl-dag.o)
                0x000000000000a190                rpl_repair_root
 .text.rpl_find_of
                0x000000000000a1dc       0x10 contiki-sky.a(rpl-dag.o)
                0x000000000000a1dc                rpl_find_of
 .text.rpl_join_instance
                0x000000000000a1ec      0x13c contiki-sky.a(rpl-dag.o)
                0x000000000000a1ec                rpl_join_instance
 .text.rpl_local_repair
                0x000000000000a328       0x80 contiki-sky.a(rpl-dag.o)
                0x000000000000a328                rpl_local_repair
 .text.rpl_process_parent_event
                0x000000000000a3a8       0x80 contiki-sky.a(rpl-dag.o)
                0x000000000000a3a8                rpl_process_parent_event
 .text.rpl_recalculate_ranks
                0x000000000000a428       0x46 contiki-sky.a(rpl-dag.o)
                0x000000000000a428                rpl_recalculate_ranks
 .text.rpl_add_dag
                0x000000000000a46e      0x112 contiki-sky.a(rpl-dag.o)
                0x000000000000a46e                rpl_add_dag
 .text.rpl_process_dio
                0x000000000000a580      0x2f8 contiki-sky.a(rpl-dag.o)
                0x000000000000a580                rpl_process_dio
 .text.rpl_lock_parent
                0x000000000000a878        0xc contiki-sky.a(rpl-dag.o)
                0x000000000000a878                rpl_lock_parent
 .text.new_dio_interval
                0x000000000000a884       0x92 contiki-sky.a(rpl-timers.o)
 .text.set_dao_lifetime_timer
                0x000000000000a916       0x66 contiki-sky.a(rpl-timers.o)
 .text.handle_periodic_timer
                0x000000000000a97c       0x2e contiki-sky.a(rpl-timers.o)
 .text.schedule_dao
                0x000000000000a9aa       0x82 contiki-sky.a(rpl-timers.o)
 .text.handle_dio_timer
                0x000000000000aa2c       0x88 contiki-sky.a(rpl-timers.o)
 .text.handle_dao_timer
                0x000000000000aab4       0x64 contiki-sky.a(rpl-timers.o)
 .text.rpl_reset_periodic_timer
                0x000000000000ab18       0x54 contiki-sky.a(rpl-timers.o)
                0x000000000000ab18                rpl_reset_periodic_timer
 .text.rpl_reset_dio_timer
                0x000000000000ab6c       0x18 contiki-sky.a(rpl-timers.o)
                0x000000000000ab6c                rpl_reset_dio_timer
 .text.rpl_schedule_dao
                0x000000000000ab84        0xc contiki-sky.a(rpl-timers.o)
                0x000000000000ab84                rpl_schedule_dao
 .text.rpl_schedule_probing
                0x000000000000ab90       0x3c contiki-sky.a(rpl-timers.o)
                0x000000000000ab90                rpl_schedule_probing
 .text.handle_probing_timer
                0x000000000000abcc      0x12a contiki-sky.a(rpl-timers.o)
 .text.rpl_verify_header
                0x000000000000acf6       0xb2 contiki-sky.a(rpl-ext-header.)
                0x000000000000acf6                rpl_verify_header
 .text.rpl_update_header_empty
                0x000000000000ada8      0x132 contiki-sky.a(rpl-ext-header.)
                0x000000000000ada8                rpl_update_header_empty
 .text.rpl_update_header_final
                0x000000000000aeda       0x90 contiki-sky.a(rpl-ext-header.)
                0x000000000000aeda                rpl_update_header_final
 .text.rpl_invert_header
                0x000000000000af6a       0x7c contiki-sky.a(rpl-ext-header.)
                0x000000000000af6a                rpl_invert_header
 .text.rpl_insert_header
                0x000000000000afe6       0x12 contiki-sky.a(rpl-ext-header.)
                0x000000000000afe6                rpl_insert_header
 .text.rpl_get_mode
                0x000000000000aff8        0x6 contiki-sky.a(rpl.o)
                0x000000000000aff8                rpl_get_mode
 .text.rpl_purge_routes
                0x000000000000affe       0x96 contiki-sky.a(rpl.o)
                0x000000000000affe                rpl_purge_routes
 .text.rpl_remove_routes
                0x000000000000b094       0x22 contiki-sky.a(rpl.o)
                0x000000000000b094                rpl_remove_routes
 .text.rpl_remove_routes_by_nexthop
                0x000000000000b0b6       0x46 contiki-sky.a(rpl.o)
                0x000000000000b0b6                rpl_remove_routes_by_nexthop
 .text.rpl_add_route
                0x000000000000b0fc       0x48 contiki-sky.a(rpl.o)
                0x000000000000b0fc                rpl_add_route
 .text.rpl_link_neighbor_callback
                0x000000000000b144       0x7c contiki-sky.a(rpl.o)
                0x000000000000b144                rpl_link_neighbor_callback
 .text.rpl_ipv6_neighbor_callback
                0x000000000000b1c0       0x1e contiki-sky.a(rpl.o)
                0x000000000000b1c0                rpl_ipv6_neighbor_callback
 .text.rpl_init
                0x000000000000b1de       0x4a contiki-sky.a(rpl.o)
                0x000000000000b1de                rpl_init
 .text.reset    0x000000000000b228        0x2 contiki-sky.a(rpl-mrhof.o)
 .text.update_metric_container
                0x000000000000b22a        0x6 contiki-sky.a(rpl-mrhof.o)
 .text.calculate_rank
                0x000000000000b230       0x42 contiki-sky.a(rpl-mrhof.o)
 .text.neighbor_link_callback
                0x000000000000b272       0xa0 contiki-sky.a(rpl-mrhof.o)
 .text.best_dag
                0x000000000000b312       0x2e contiki-sky.a(rpl-mrhof.o)
 .text.best_parent
                0x000000000000b340       0x74 contiki-sky.a(rpl-mrhof.o)
 .text.get32    0x000000000000b3b4       0x46 contiki-sky.a(rpl-icmp6.o)
 .text.set32    0x000000000000b3fa       0x2a contiki-sky.a(rpl-icmp6.o)
 .text.get16    0x000000000000b424        0xe contiki-sky.a(rpl-icmp6.o)
 .text.set16    0x000000000000b432       0x10 contiki-sky.a(rpl-icmp6.o)
 .text.dao_ack_input
                0x000000000000b442        0x6 contiki-sky.a(rpl-icmp6.o)
 .text.dio_input
                0x000000000000b448      0x2d8 contiki-sky.a(rpl-icmp6.o)
 .text.dis_output
                0x000000000000b720       0x50 contiki-sky.a(rpl-icmp6.o)
                0x000000000000b720                dis_output
 .text.dio_output
                0x000000000000b770      0x268 contiki-sky.a(rpl-icmp6.o)
                0x000000000000b770                dio_output
 .text.dis_input
                0x000000000000b9d8       0x28 contiki-sky.a(rpl-icmp6.o)
 .text.dao_output_target
                0x000000000000ba00       0xe2 contiki-sky.a(rpl-icmp6.o)
                0x000000000000ba00                dao_output_target
 .text.dao_output
                0x000000000000bae2       0x7e contiki-sky.a(rpl-icmp6.o)
                0x000000000000bae2                dao_output
 .text.dao_ack_output
                0x000000000000bb60       0x3c contiki-sky.a(rpl-icmp6.o)
                0x000000000000bb60                dao_ack_output
 .text.dao_input
                0x000000000000bb9c      0x2b0 contiki-sky.a(rpl-icmp6.o)
 .text.rpl_icmp6_register_handlers
                0x000000000000be4c       0x22 contiki-sky.a(rpl-icmp6.o)
                0x000000000000be4c                rpl_icmp6_register_handlers
 .text.create_frame.isra.0
                0x000000000000be6e      0x108 contiki-sky.a(framer-802154.o)
 .text.create   0x000000000000bf76        0x8 contiki-sky.a(framer-802154.o)
 .text.hdr_length
                0x000000000000bf7e        0x8 contiki-sky.a(framer-802154.o)
 .text.parse    0x000000000000bf86       0xa2 contiki-sky.a(framer-802154.o)
 .text.input_packet
                0x000000000000c028        0x6 contiki-sky.a(csma.o)
 .text.on       0x000000000000c02e        0x6 contiki-sky.a(csma.o)
 .text.off      0x000000000000c034        0x6 contiki-sky.a(csma.o)
 .text.channel_check_interval
                0x000000000000c03a       0x10 contiki-sky.a(csma.o)
 .text.transmit_packet_list
                0x000000000000c04a       0x24 contiki-sky.a(csma.o)
 .text.init     0x000000000000c06e       0x1a contiki-sky.a(csma.o)
 .text.send_packet
                0x000000000000c088      0x17a contiki-sky.a(csma.o)
 .text.free_packet
                0x000000000000c202       0x9c contiki-sky.a(csma.o)
 .text.packet_sent
                0x000000000000c29e      0x132 contiki-sky.a(csma.o)
 .text.field_len
                0x000000000000c3d0       0x90 contiki-sky.a(frame802154.o)
 .text.frame802154_hdrlen
                0x000000000000c460       0x2e contiki-sky.a(frame802154.o)
                0x000000000000c460                frame802154_hdrlen
 .text.frame802154_create
                0x000000000000c48e      0x146 contiki-sky.a(frame802154.o)
                0x000000000000c48e                frame802154_create
 .text.frame802154_parse
                0x000000000000c5d4      0x1ba contiki-sky.a(frame802154.o)
                0x000000000000c5d4                frame802154_parse
 .text.mac_call_sent_callback
                0x000000000000c78e       0x14 contiki-sky.a(mac.o)
                0x000000000000c78e                mac_call_sent_callback
 .text.framer_canonical_create_and_secure
                0x000000000000c7a2       0x20 contiki-sky.a(framer.o)
                0x000000000000c7a2                framer_canonical_create_and_secure
 .text.queuebuf_init
                0x000000000000c7c2       0x12 contiki-sky.a(queuebuf.o)
                0x000000000000c7c2                queuebuf_init
 .text.queuebuf_numfree
                0x000000000000c7d4        0xa contiki-sky.a(queuebuf.o)
                0x000000000000c7d4                queuebuf_numfree
 .text.queuebuf_new_from_packetbuf
                0x000000000000c7de       0x52 contiki-sky.a(queuebuf.o)
                0x000000000000c7de                queuebuf_new_from_packetbuf
 .text.queuebuf_update_attr_from_packetbuf
                0x000000000000c830       0x12 contiki-sky.a(queuebuf.o)
                0x000000000000c830                queuebuf_update_attr_from_packetbuf
 .text.queuebuf_update_from_packetbuf
                0x000000000000c842       0x22 contiki-sky.a(queuebuf.o)
                0x000000000000c842                queuebuf_update_from_packetbuf
 .text.queuebuf_free
                0x000000000000c864       0x2a contiki-sky.a(queuebuf.o)
                0x000000000000c864                queuebuf_free
 .text.queuebuf_to_packetbuf
                0x000000000000c88e       0x32 contiki-sky.a(queuebuf.o)
                0x000000000000c88e                queuebuf_to_packetbuf
 .text.queuebuf_attr
                0x000000000000c8c0        0xe contiki-sky.a(queuebuf.o)
                0x000000000000c8c0                queuebuf_attr
 .text.item_from_index
                0x000000000000c8ce       0x2a contiki-sky.a(nbr-table.o)
 .text.index_from_key
                0x000000000000c8f8       0x26 contiki-sky.a(nbr-table.o)
 .text.index_from_item
                0x000000000000c91e       0x1e contiki-sky.a(nbr-table.o)
 .text.nbr_set_bit
                0x000000000000c93c       0x58 contiki-sky.a(nbr-table.o)
 .text.index_from_lladdr
                0x000000000000c994       0x42 contiki-sky.a(nbr-table.o)
 .text.nbr_get_bit.constprop.0
                0x000000000000c9d6       0x2e contiki-sky.a(nbr-table.o)
 .text.nbr_table_register
                0x000000000000ca04       0x26 contiki-sky.a(nbr-table.o)
                0x000000000000ca04                nbr_table_register
 .text.nbr_table_next
                0x000000000000ca2a       0x54 contiki-sky.a(nbr-table.o)
                0x000000000000ca2a                nbr_table_next
 .text.nbr_table_head
                0x000000000000ca7e       0x3a contiki-sky.a(nbr-table.o)
                0x000000000000ca7e                nbr_table_head
 .text.nbr_table_add_lladdr
                0x000000000000cab8      0x128 contiki-sky.a(nbr-table.o)
                0x000000000000cab8                nbr_table_add_lladdr
 .text.nbr_table_get_from_lladdr
                0x000000000000cbe0       0x2c contiki-sky.a(nbr-table.o)
                0x000000000000cbe0                nbr_table_get_from_lladdr
 .text.nbr_table_remove
                0x000000000000cc0c       0x32 contiki-sky.a(nbr-table.o)
                0x000000000000cc0c                nbr_table_remove
 .text.nbr_table_lock
                0x000000000000cc3e       0x10 contiki-sky.a(nbr-table.o)
                0x000000000000cc3e                nbr_table_lock
 .text.nbr_table_unlock
                0x000000000000cc4e       0x10 contiki-sky.a(nbr-table.o)
                0x000000000000cc4e                nbr_table_unlock
 .text.nbr_table_get_lladdr
                0x000000000000cc5e       0x22 contiki-sky.a(nbr-table.o)
                0x000000000000cc5e                nbr_table_get_lladdr
 .text.packetbuf_compact
                0x000000000000cc80       0x2e contiki-sky.a(packetbuf.o)
                0x000000000000cc80                packetbuf_compact
 .text.packetbuf_copyto
                0x000000000000ccae       0x52 contiki-sky.a(packetbuf.o)
                0x000000000000ccae                packetbuf_copyto
 .text.packetbuf_hdrreduce
                0x000000000000cd00       0x1a contiki-sky.a(packetbuf.o)
                0x000000000000cd00                packetbuf_hdrreduce
 .text.packetbuf_set_datalen
                0x000000000000cd1a        0x6 contiki-sky.a(packetbuf.o)
                0x000000000000cd1a                packetbuf_set_datalen
 .text.packetbuf_dataptr
                0x000000000000cd20        0xe contiki-sky.a(packetbuf.o)
                0x000000000000cd20                packetbuf_dataptr
 .text.packetbuf_hdrptr
                0x000000000000cd2e        0xa contiki-sky.a(packetbuf.o)
                0x000000000000cd2e                packetbuf_hdrptr
 .text.packetbuf_datalen
                0x000000000000cd38        0x6 contiki-sky.a(packetbuf.o)
                0x000000000000cd38                packetbuf_datalen
 .text.packetbuf_hdrlen
                0x000000000000cd3e       0x10 contiki-sky.a(packetbuf.o)
                0x000000000000cd3e                packetbuf_hdrlen
 .text.packetbuf_totlen
                0x000000000000cd4e        0xc contiki-sky.a(packetbuf.o)
                0x000000000000cd4e                packetbuf_totlen
 .text.packetbuf_hdralloc
                0x000000000000cd5a       0x2e contiki-sky.a(packetbuf.o)
                0x000000000000cd5a                packetbuf_hdralloc
 .text.packetbuf_attr_clear
                0x000000000000cd88       0x28 contiki-sky.a(packetbuf.o)
                0x000000000000cd88                packetbuf_attr_clear
 .text.packetbuf_clear
                0x000000000000cdb0       0x1a contiki-sky.a(packetbuf.o)
                0x000000000000cdb0                packetbuf_clear
 .text.packetbuf_copyfrom
                0x000000000000cdca       0x2e contiki-sky.a(packetbuf.o)
                0x000000000000cdca                packetbuf_copyfrom
 .text.packetbuf_attr_copyto
                0x000000000000cdf8       0x22 contiki-sky.a(packetbuf.o)
                0x000000000000cdf8                packetbuf_attr_copyto
 .text.packetbuf_attr_copyfrom
                0x000000000000ce1a       0x24 contiki-sky.a(packetbuf.o)
                0x000000000000ce1a                packetbuf_attr_copyfrom
 .text.packetbuf_holds_broadcast
                0x000000000000ce3e        0xe contiki-sky.a(packetbuf.o)
                0x000000000000ce3e                packetbuf_holds_broadcast
 .text.linkaddr_copy
                0x000000000000ce4c        0x8 contiki-sky.a(linkaddr.o)
                0x000000000000ce4c                linkaddr_copy
 .text.linkaddr_cmp
                0x000000000000ce54       0x12 contiki-sky.a(linkaddr.o)
                0x000000000000ce54                linkaddr_cmp
 .text.linkaddr_set_node_addr
                0x000000000000ce66        0xc contiki-sky.a(linkaddr.o)
                0x000000000000ce66                linkaddr_set_node_addr
 .text.duty_cycle
                0x000000000000ce72        0x6 contiki-sky.a(contikimac.o)
 .text.init     0x000000000000ce78       0x2a contiki-sky.a(contikimac.o)
 .text.on       0x000000000000cea2       0x1a contiki-sky.a(contikimac.o)
 .text.off      0x000000000000cebc       0x22 contiki-sky.a(contikimac.o)
 .text.recv_burst_off
                0x000000000000cede        0xa contiki-sky.a(contikimac.o)
 .text.turn_off
                0x000000000000cee8       0x20 contiki-sky.a(contikimac.o)
 .text.turn_on  0x000000000000cf08       0x30 contiki-sky.a(contikimac.o)
 .text.schedule_powercycle_fixed.part.4
                0x000000000000cf38       0x34 contiki-sky.a(contikimac.o)
 .text.powercycle_turn_radio_off
                0x000000000000cf6c       0x30 contiki-sky.a(contikimac.o)
 .text.input_packet
                0x000000000000cf9c       0xb6 contiki-sky.a(contikimac.o)
 .text.send_packet.isra.7
                0x000000000000d052      0x20c contiki-sky.a(contikimac.o)
 .text.qsend_list
                0x000000000000d25e       0xc4 contiki-sky.a(contikimac.o)
 .text.qsend_packet
                0x000000000000d322       0x28 contiki-sky.a(contikimac.o)
 .text.powercycle
                0x000000000000d34a      0x1d6 contiki-sky.a(contikimac.o)
 .text.bootstrap
                0x000000000000d520        0x4 contiki-sky.a(nullsec.o)
 .text.send     0x000000000000d524        0xa contiki-sky.a(nullsec.o)
 .text.on_frame_created
                0x000000000000d52e        0x4 contiki-sky.a(nullsec.o)
 .text.input    0x000000000000d532        0x6 contiki-sky.a(nullsec.o)
 .text.get_overhead
                0x000000000000d538        0x4 contiki-sky.a(nullsec.o)
 .text.crc8_add
                0x000000000000d53c       0x1c contiki-sky.a(sht11.o)
 .text.sstart   0x000000000000d558       0x3e contiki-sky.a(sht11.o)
 .text.swrite   0x000000000000d596       0x62 contiki-sky.a(sht11.o)
 .text.sread    0x000000000000d5f8       0x4c contiki-sky.a(sht11.o)
 .text.sreset   0x000000000000d644       0x2a contiki-sky.a(sht11.o)
 .text.scmd.part.0
                0x000000000000d66e       0xb4 contiki-sky.a(sht11.o)
 .text.sht11_init
                0x000000000000d722       0x1a contiki-sky.a(sht11.o)
                0x000000000000d722                sht11_init
 .text.sht11_off
                0x000000000000d73c       0x14 contiki-sky.a(sht11.o)
                0x000000000000d73c                sht11_off
 .text.sht11_temp
                0x000000000000d750        0xa contiki-sky.a(sht11.o)
                0x000000000000d750                sht11_temp
 .text.sht11_humidity
                0x000000000000d75a        0xa contiki-sky.a(sht11.o)
                0x000000000000d75a                sht11_humidity
 .text.sht11_sreg
                0x000000000000d764       0x80 contiki-sky.a(sht11.o)
                0x000000000000d764                sht11_sreg
 .text.spi_init
                0x000000000000d7e4       0x30 contiki-sky.a(spi.o)
                0x000000000000d7e4                spi_init
 .text.stimer_set
                0x000000000000d814       0x1c contiki-sky.a(stimer.o)
                0x000000000000d814                stimer_set
 .text.stimer_expired
                0x000000000000d830       0x30 contiki-sky.a(stimer.o)
                0x000000000000d830                stimer_expired
 .text.compower_accumulate
                0x000000000000d860       0x72 contiki-sky.a(compower.o)
                0x000000000000d860                compower_accumulate
 .text.compower_clear
                0x000000000000d8d2       0x12 contiki-sky.a(compower.o)
                0x000000000000d8d2                compower_clear
 .text.compower_attrconv
                0x000000000000d8e4       0x10 contiki-sky.a(compower.o)
                0x000000000000d8e4                compower_attrconv
 .text.memb_init
                0x000000000000d8f4       0x36 contiki-sky.a(memb.o)
                0x000000000000d8f4                memb_init
 .text.memb_alloc
                0x000000000000d92a       0x3e contiki-sky.a(memb.o)
                0x000000000000d92a                memb_alloc
 .text.memb_free
                0x000000000000d968       0x3a contiki-sky.a(memb.o)
                0x000000000000d968                memb_free
 .text.memb_inmemb
                0x000000000000d9a2       0x2a contiki-sky.a(memb.o)
                0x000000000000d9a2                memb_inmemb
 .text.memb_numfree
                0x000000000000d9cc       0x26 contiki-sky.a(memb.o)
                0x000000000000d9cc                memb_numfree
 .text.echo_reply_input
                0x000000000000d9f2      0x110 contiki-sky.a(uip-icmp6.o)
 .text.echo_request_input
                0x000000000000db02      0x12c contiki-sky.a(uip-icmp6.o)
 .text.uip_icmp6_input
                0x000000000000dc2e       0x48 contiki-sky.a(uip-icmp6.o)
                0x000000000000dc2e                uip_icmp6_input
 .text.uip_icmp6_register_input_handler
                0x000000000000dc76        0xc contiki-sky.a(uip-icmp6.o)
                0x000000000000dc76                uip_icmp6_register_input_handler
 .text.uip_icmp6_error_output
                0x000000000000dc82      0x17e contiki-sky.a(uip-icmp6.o)
                0x000000000000dc82                uip_icmp6_error_output
 .text.uip_icmp6_send
                0x000000000000de00       0x94 contiki-sky.a(uip-icmp6.o)
                0x000000000000de00                uip_icmp6_send
 .text.uip_icmp6_init
                0x000000000000de94       0x12 contiki-sky.a(uip-icmp6.o)
                0x000000000000de94                uip_icmp6_init
 .text.mac_sequence_is_duplicate
                0x000000000000dea6       0x44 contiki-sky.a(mac-sequence.o)
                0x000000000000dea6                mac_sequence_is_duplicate
 .text.mac_sequence_register_seqno
                0x000000000000deea       0x72 contiki-sky.a(mac-sequence.o)
                0x000000000000deea                mac_sequence_register_seqno
 .text.libgcc   0x000000000000df5c       0x2c /home/ashwin/Documents/MSc/6th-Sem/Networked_Embedded_Systems/Lab/Project_2/2018w/mspgcc-4.7.3/bin/../lib/gcc/msp430/4.7.3/mmpy-16/libgcc.a(_mulsi3.o)
                0x000000000000df5c                __mulsi3
 .text.libgcc   0x000000000000df88       0x22 /home/ashwin/Documents/MSc/6th-Sem/Networked_Embedded_Systems/Lab/Project_2/2018w/mspgcc-4.7.3/bin/../lib/gcc/msp430/4.7.3/mmpy-16/libgcc.a(_udivmod16.o)
                0x000000000000df88                __udivhi3
                0x000000000000df88                __ext_udivmod16
                0x000000000000dfa2                __umodhi3
 .text.libgcc   0x000000000000dfaa       0x3a /home/ashwin/Documents/MSc/6th-Sem/Networked_Embedded_Systems/Lab/Project_2/2018w/mspgcc-4.7.3/bin/../lib/gcc/msp430/4.7.3/mmpy-16/libgcc.a(_divmod16.o)
                0x000000000000dfaa                __ext_divmod16
                0x000000000000dfaa                __divhi3
                0x000000000000dfdc                __modhi3
 .text.libgcc   0x000000000000dfe4       0x40 /home/ashwin/Documents/MSc/6th-Sem/Networked_Embedded_Systems/Lab/Project_2/2018w/mspgcc-4.7.3/bin/../lib/gcc/msp430/4.7.3/mmpy-16/libgcc.a(_udivmod32.o)
                0x000000000000dfe4                __udivsi3
                0x000000000000dfe4                __ext_udivmod32
                0x000000000000e01a                __umodsi3
 .text.printf   0x000000000000e024       0x10 /home/ashwin/Documents/MSc/6th-Sem/Networked_Embedded_Systems/Lab/Project_2/2018w/mspgcc-4.7.3/bin/../lib/gcc/msp430/4.7.3/../../../../msp430/lib/mmpy-16/libc.a(printf.o)
                0x000000000000e024                printf
 .text.append   0x000000000000e034       0x22 /home/ashwin/Documents/MSc/6th-Sem/Networked_Embedded_Systems/Lab/Project_2/2018w/mspgcc-4.7.3/bin/../lib/gcc/msp430/4.7.3/../../../../msp430/lib/mmpy-16/libc.a(sprintf.o)
 .text.call_vuprintf
                0x000000000000e056       0x3a /home/ashwin/Documents/MSc/6th-Sem/Networked_Embedded_Systems/Lab/Project_2/2018w/mspgcc-4.7.3/bin/../lib/gcc/msp430/4.7.3/../../../../msp430/lib/mmpy-16/libc.a(sprintf.o)
 .text.sprintf  0x000000000000e090       0x1c /home/ashwin/Documents/MSc/6th-Sem/Networked_Embedded_Systems/Lab/Project_2/2018w/mspgcc-4.7.3/bin/../lib/gcc/msp430/4.7.3/../../../../msp430/lib/mmpy-16/libc.a(sprintf.o)
                0x000000000000e090                sprintf
 .text.print_field
                0x000000000000e0ac      0x194 /home/ashwin/Documents/MSc/6th-Sem/Networked_Embedded_Systems/Lab/Project_2/2018w/mspgcc-4.7.3/bin/../lib/gcc/msp430/4.7.3/../../../../msp430/lib/mmpy-16/libc.a(vuprintf.o)
 .text.vuprintf
                0x000000000000e240      0x63e /home/ashwin/Documents/MSc/6th-Sem/Networked_Embedded_Systems/Lab/Project_2/2018w/mspgcc-4.7.3/bin/../lib/gcc/msp430/4.7.3/../../../../msp430/lib/mmpy-16/libc.a(vuprintf.o)
                0x000000000000e240                vuprintf
 .text.puts     0x000000000000e87e       0x2c /home/ashwin/Documents/MSc/6th-Sem/Networked_Embedded_Systems/Lab/Project_2/2018w/mspgcc-4.7.3/bin/../lib/gcc/msp430/4.7.3/../../../../msp430/lib/mmpy-16/libc.a(puts.o)
                0x000000000000e87e                puts
 .text.rand     0x000000000000e8aa       0x26 /home/ashwin/Documents/MSc/6th-Sem/Networked_Embedded_Systems/Lab/Project_2/2018w/mspgcc-4.7.3/bin/../lib/gcc/msp430/4.7.3/../../../../msp430/lib/mmpy-16/libc.a(rand.o)
                0x000000000000e8aa                rand
 .text.srand    0x000000000000e8d0        0xa /home/ashwin/Documents/MSc/6th-Sem/Networked_Embedded_Systems/Lab/Project_2/2018w/mspgcc-4.7.3/bin/../lib/gcc/msp430/4.7.3/../../../../msp430/lib/mmpy-16/libc.a(rand.o)
                0x000000000000e8d0                srand
 .text.memcmp   0x000000000000e8da       0x30 /home/ashwin/Documents/MSc/6th-Sem/Networked_Embedded_Systems/Lab/Project_2/2018w/mspgcc-4.7.3/bin/../lib/gcc/msp430/4.7.3/../../../../msp430/lib/mmpy-16/libc.a(memcmp.o)
                0x000000000000e8da                memcmp
 .text.memcpy   0x000000000000e90a       0xfa /home/ashwin/Documents/MSc/6th-Sem/Networked_Embedded_Systems/Lab/Project_2/2018w/mspgcc-4.7.3/bin/../lib/gcc/msp430/4.7.3/../../../../msp430/lib/mmpy-16/libc.a(memcpy.o)
                0x000000000000e90a                memcpy
 .text.memmove  0x000000000000ea04       0xfa /home/ashwin/Documents/MSc/6th-Sem/Networked_Embedded_Systems/Lab/Project_2/2018w/mspgcc-4.7.3/bin/../lib/gcc/msp430/4.7.3/../../../../msp430/lib/mmpy-16/libc.a(memmove.o)
                0x000000000000ea04                memmove
 .text.memset   0x000000000000eafe       0x6a /home/ashwin/Documents/MSc/6th-Sem/Networked_Embedded_Systems/Lab/Project_2/2018w/mspgcc-4.7.3/bin/../lib/gcc/msp430/4.7.3/../../../../msp430/lib/mmpy-16/libc.a(memset.o)
                0x000000000000eafe                memset
 .text.libgcc   0x000000000000eb68       0xf0 /home/ashwin/Documents/MSc/6th-Sem/Networked_Embedded_Systems/Lab/Project_2/2018w/mspgcc-4.7.3/bin/../lib/gcc/msp430/4.7.3/mmpy-16/libgcc.a(_udivmod64.o)
                0x000000000000eb68                __xabi_udivmod64
                0x000000000000ebc6                __udivdi3
                0x000000000000ebec                __umoddi3
                0x000000000000ec1a                __udivmoddi4
 .text.crt0     0x000000000000ec58        0x2 /home/ashwin/Documents/MSc/6th-Sem/Networked_Embedded_Systems/Lab/Project_2/2018w/mspgcc-4.7.3/bin/../lib/gcc/msp430/4.7.3/mmpy-16/libcrt0.a(_unexpected_.o)
                0x000000000000ec58                _unexpected_
 *(.near.text .near.text.*)

.rodata         0x000000000000ec5c      0x3d7
                0x000000000000ec5c                . = ALIGN (0x2)
 *(.rodata .rodata.* .gnu.linkonce.r.*)
 .rodata        0x000000000000ec5c      0x124 sensor-node.co
                0x000000000000ed5a                autostart_processes
 .rodata        0x000000000000ed80      0x12d obj_sky/contiki-sky-main.o
 *fill*         0x000000000000eead        0x1 00
 .rodata        0x000000000000eeae        0xe contiki-sky.a(sht11-sensor.o)
                0x000000000000eeb4                sht11_sensor
 .rodata        0x000000000000eebc        0xe contiki-sky.a(light-sensor.o)
                0x000000000000eec2                light_sensor
 .rodata        0x000000000000eeca       0x10 contiki-sky.a(button-sensor.o)
                0x000000000000eed2                button_sensor
 .rodata        0x000000000000eeda        0x8 contiki-sky.a(sensors.o)
 *fill*         0x000000000000eee2        0x2 00
 .rodata.get_value
                0x000000000000eee4       0x1c contiki-sky.a(cc2420.o)
 .rodata        0x000000000000ef00       0x3e contiki-sky.a(cc2420.o)
                0x000000000000ef00                cc2420_aes_128_driver
                0x000000000000ef04                cc2420_driver
 .rodata        0x000000000000ef3e        0xf contiki-sky.a(ctimer.o)
 .rodata        0x000000000000ef4d        0xc contiki-sky.a(etimer.o)
 *fill*         0x000000000000ef59        0x3 00
 .rodata.uip_process
                0x000000000000ef5c       0x20 contiki-sky.a(uip6.o)
 .rodata        0x000000000000ef7c       0x24 contiki-sky.a(sicslowpan.o)
                0x000000000000ef88                sicslowpan_driver
                0x000000000000ef8e                llprefix
                0x000000000000ef90                unc_mxconf
                0x000000000000ef94                unc_ctxconf
                0x000000000000ef98                unc_llconf
 .rodata        0x000000000000efa0       0x29 contiki-sky.a(uip-debug.o)
 .rodata        0x000000000000efc9        0xd contiki-sky.a(tcpip.o)
 .rodata        0x000000000000efd6        0x8 contiki-sky.a(framer-802154.o)
                0x000000000000efd6                framer_802154
 .rodata        0x000000000000efde       0x14 contiki-sky.a(csma.o)
                0x000000000000efe4                csma_driver
 .rodata        0x000000000000eff2        0x2 contiki-sky.a(frame802154.o)
 .rodata        0x000000000000eff4        0x8 contiki-sky.a(linkaddr.o)
                0x000000000000eff4                linkaddr_null
 .rodata        0x000000000000effc       0x1c contiki-sky.a(contikimac.o)
                0x000000000000f008                contikimac_driver
 .rodata        0x000000000000f018       0x14 contiki-sky.a(nullsec.o)
                0x000000000000f020                nullsec_driver
 .rodata.vuprintf
                0x000000000000f02c        0x7 /home/ashwin/Documents/MSc/6th-Sem/Networked_Embedded_Systems/Lab/Project_2/2018w/mspgcc-4.7.3/bin/../lib/gcc/msp430/4.7.3/../../../../msp430/lib/mmpy-16/libc.a(vuprintf.o)
 *(.near.rodata .near.rodata.*)
                0x000000000000f034                . = ALIGN (0x2)
                0x000000000000f034                _etext = .

.data           0x0000000000001100       0xea load address 0x000000000000f034
                0x0000000000001100                . = ALIGN (0x2)
                0x0000000000001100                __data_start = .
 *(.data .data.* .gnu.linkonce.d.*)
 .data          0x0000000000001100       0x14 sensor-node.co
                0x0000000000001100                button_dummy
                0x000000000000110a                udp_client_process
 .data          0x0000000000001114        0x4 contiki-sky.a(contiki-sky-pla)
                0x0000000000001114                sensors
 .data          0x0000000000001118        0x1 contiki-sky.a(sht11-sensor.o)
 *fill*         0x0000000000001119        0x1 00
 .data          0x000000000000111a        0xa contiki-sky.a(sensors.o)
                0x000000000000111a                sensors_process
 .data          0x0000000000001124        0xa contiki-sky.a(cc2420.o)
                0x0000000000001124                cc2420_process
 .data          0x000000000000112e        0x2 contiki-sky.a(msp430.o)
 .data          0x0000000000001130        0xa contiki-sky.a(ctimer.o)
                0x0000000000001130                ctimer_process
 .data          0x000000000000113a        0xa contiki-sky.a(etimer.o)
                0x000000000000113a                etimer_process
 .data          0x0000000000001144       0x20 contiki-sky.a(uip-ds6-route.o)
 .data          0x0000000000001164        0xa contiki-sky.a(uip-ds6-nbr.o)
                0x0000000000001164                ds6_neighbors
 .data          0x000000000000116e        0xa contiki-sky.a(tcpip.o)
                0x000000000000116e                tcpip_process
 .data          0x0000000000001178        0xa contiki-sky.a(rpl-dag.o)
                0x0000000000001178                rpl_parents
 .data          0x0000000000001182        0xe contiki-sky.a(rpl-mrhof.o)
                0x0000000000001182                rpl_mrhof
 .data          0x0000000000001190       0x1a contiki-sky.a(rpl-icmp6.o)
 .data          0x00000000000011aa       0x18 contiki-sky.a(csma.o)
 .data          0x00000000000011c2       0x10 contiki-sky.a(queuebuf.o)
 .data          0x00000000000011d2        0x8 contiki-sky.a(nbr-table.o)
 .data          0x00000000000011da        0xc contiki-sky.a(uip-icmp6.o)
 .data.next     0x00000000000011e6        0x4 /home/ashwin/Documents/MSc/6th-Sem/Networked_Embedded_Systems/Lab/Project_2/2018w/mspgcc-4.7.3/bin/../lib/gcc/msp430/4.7.3/../../../../msp430/lib/mmpy-16/libc.a(rand.o)
 *(.near.data .near.data.*)
                0x00000000000011ea                . = ALIGN (0x2)
                0x00000000000011ea                _edata = .
                0x000000000000f034                __data_load_start = LOADADDR (.data)
                0x00000000000000ea                __data_size = SIZEOF (.data)

.bss            0x00000000000011ea     0x1962 load address 0x000000000000f11e
                0x00000000000011ea                __bss_start = .
 *(.bss .bss.*)
 .bss           0x00000000000011ea       0x38 sensor-node.co
                0x00000000000011ea                dummy
                0x00000000000011ec                counter
 .bss           0x0000000000001222        0xc obj_sky/contiki-sky-main.o
 .bss           0x000000000000122e        0x8 contiki-sky.a(button-sensor.o)
 .bss           0x0000000000001236        0x2 contiki-sky.a(node-id.o)
                0x0000000000001236                node_id
 .bss           0x0000000000001238        0x6 contiki-sky.a(sensors.o)
 .bss           0x000000000000123e        0x8 contiki-sky.a(cc2420.o)
 .bss           0x0000000000001246        0x4 contiki-sky.a(sky-sensors.o)
 .bss           0x000000000000124a       0x9a contiki-sky.a(uart1.o)
 .bss           0x00000000000012e4        0xa contiki-sky.a(clock.o)
 .bss           0x00000000000012ee        0x1 contiki-sky.a(leds.o)
 *fill*         0x00000000000012ef        0x1 00
 .bss           0x00000000000012f0        0x2 contiki-sky.a(watchdog.o)
 .bss           0x00000000000012f2        0x4 contiki-sky.a(ctimer.o)
 .bss           0x00000000000012f6        0x6 contiki-sky.a(etimer.o)
 .bss           0x00000000000012fc       0x42 contiki-sky.a(process.o)
                0x00000000000012fc                process_current
                0x00000000000012fe                process_list
 .bss           0x000000000000133e        0x2 contiki-sky.a(rtimer.o)
 .bss           0x0000000000001340       0x18 contiki-sky.a(uip-ds6.o)
 .bss           0x0000000000001358      0x362 contiki-sky.a(uip-ds6-route.o)
 .bss           0x00000000000016ba        0xe contiki-sky.a(uip6.o)
                0x00000000000016ba                uip_ext_opt_offset
                0x00000000000016bb                uip_ext_len
                0x00000000000016bc                uip_ext_bitmap
 .bss           0x00000000000016c8      0x2f8 contiki-sky.a(uip-ds6-nbr.o)
 .bss           0x00000000000019c0      0x124 contiki-sky.a(sicslowpan.o)
 .bss           0x0000000000001ae4       0x36 contiki-sky.a(tcpip.o)
 .bss           0x0000000000001b1a       0xf0 contiki-sky.a(rpl-dag.o)
 .bss           0x0000000000001c0a       0x18 contiki-sky.a(rpl-timers.o)
 .bss           0x0000000000001c22        0x2 contiki-sky.a(rpl.o)
 .bss           0x0000000000001c24        0x2 contiki-sky.a(framer-802154.o)
 .bss           0x0000000000001c26       0xc4 contiki-sky.a(csma.o)
 .bss           0x0000000000001cea      0x5a0 contiki-sky.a(queuebuf.o)
 .bss           0x000000000000228a      0x118 contiki-sky.a(nbr-table.o)
 .bss           0x00000000000023a2       0xb8 contiki-sky.a(packetbuf.o)
 .bss           0x000000000000245a       0x32 contiki-sky.a(contikimac.o)
 .bss           0x000000000000248c        0x8 contiki-sky.a(compower.o)
 .bss           0x0000000000002494       0x14 contiki-sky.a(uip-icmp6.o)
 .bss           0x00000000000024a8       0xa0 contiki-sky.a(mac-sequence.o)
 .bss.destination_
                0x0000000000002548        0x2 /home/ashwin/Documents/MSc/6th-Sem/Networked_Embedded_Systems/Lab/Project_2/2018w/mspgcc-4.7.3/bin/../lib/gcc/msp430/4.7.3/../../../../msp430/lib/mmpy-16/libc.a(sprintf.o)
 .bss.available_
                0x000000000000254a        0x2 /home/ashwin/Documents/MSc/6th-Sem/Networked_Embedded_Systems/Lab/Project_2/2018w/mspgcc-4.7.3/bin/../lib/gcc/msp430/4.7.3/../../../../msp430/lib/mmpy-16/libc.a(sprintf.o)
 *(.near.bss .near.bss.*)
 *(COMMON)
 COMMON         0x000000000000254c        0x4 sensor-node.co
                0x000000000000254c                temperature
                0x000000000000254e                light
 COMMON         0x0000000000002550        0x2 contiki-sky.a(contiki-sky-pla)
                0x0000000000002550                sensors_flags
 COMMON         0x0000000000002552        0x8 contiki-sky.a(ds2411.o)
                0x0000000000002552                ds2411_id
 COMMON         0x000000000000255a        0x1 contiki-sky.a(sensors.o)
                0x000000000000255a                sensors_event
 *fill*         0x000000000000255b        0x1 00
 COMMON         0x000000000000255c       0x10 contiki-sky.a(cc2420.o)
                0x000000000000255c                cc2420_last_rssi
                0x000000000000255e                cc2420_sfd_start_time
                0x0000000000002560                cc2420_time_of_departure
                0x0000000000002562                cc2420_time_of_arrival
                0x0000000000002564                cc2420_last_correlation
                0x0000000000002566                cc2420_authority_level_of_sender
                0x0000000000002568                cc2420_sfd_counter
                0x000000000000256a                cc2420_sfd_end_time
 COMMON         0x000000000000256c        0x2 contiki-sky.a(msp430.o)
                0x000000000000256c                msp430_dco_required
 COMMON         0x000000000000256e       0x56 contiki-sky.a(energest.o)
                0x000000000000256e                energest_total_time
                0x000000000000259e                energest_total_count
                0x00000000000025a0                energest_current_mode
                0x00000000000025ac                energest_current_time
 COMMON         0x00000000000025c4        0x1 contiki-sky.a(process.o)
                0x00000000000025c4                process_maxevents
 *fill*         0x00000000000025c5        0x1 00
 COMMON         0x00000000000025c6      0x15c contiki-sky.a(uip-ds6.o)
                0x00000000000025c6                uip_ds6_timer_ra
                0x00000000000025ce                uip_ds6_if
                0x00000000000026ba                uip_ds6_netif_addr_list_offset
                0x00000000000026bb                uip_ds6_addr_size
                0x00000000000026bc                uip_ds6_prefix_list
                0x0000000000002716                uip_ds6_timer_periodic
 COMMON         0x0000000000002722      0x304 contiki-sky.a(uip6.o)
                0x0000000000002722                uip_len
                0x0000000000002724                uip_sappdata
                0x0000000000002726                uip_acc32
                0x000000000000272a                uip_lladdr
                0x0000000000002732                uip_aligned_buf
                0x0000000000002822                uip_flags
                0x0000000000002824                uip_next_hdr
                0x0000000000002826                uip_udp_conn
                0x0000000000002828                uip_appdata
                0x000000000000282a                uip_conn
                0x000000000000282c                uip_conns
                0x00000000000028dc                uip_listenports
                0x00000000000028ec                uip_slen
                0x00000000000028ee                uip_udp_conns
 COMMON         0x0000000000002a26        0x8 contiki-sky.a(sicslowpan.o)
                0x0000000000002a26                frag_sender
 COMMON         0x0000000000002a2e        0x1 contiki-sky.a(tcpip.o)
                0x0000000000002a2e                tcpip_event
 *fill*         0x0000000000002a2f        0x1 00
 COMMON         0x0000000000002a30       0xde contiki-sky.a(rpl-dag.o)
                0x0000000000002a30                default_instance
                0x0000000000002a32                instance_table
 COMMON         0x0000000000002b0e       0x2e contiki-sky.a(packetbuf.o)
                0x0000000000002b0e                packetbuf_addrs
                0x0000000000002b1e                packetbuf_attrs
 COMMON         0x0000000000002b3c        0x8 contiki-sky.a(linkaddr.o)
                0x0000000000002b3c                linkaddr_node_addr
 COMMON         0x0000000000002b44        0x8 contiki-sky.a(compower.o)
                0x0000000000002b44                compower_idle_activity
                0x0000000000002b4c                . = ALIGN (0x2)
                0x0000000000002b4c                __bss_end = .
                0x0000000000001962                __bss_size = SIZEOF (.bss)

.noinit         0x0000000000002b4c        0x2 load address 0x000000000000f11e
                0x0000000000002b4c                . = ALIGN (0x2)
                0x0000000000002b4c                __noinit_start = .
 *(.noinit .noinit.*)
 .noinit.crt0   0x0000000000002b4c        0x2 /home/ashwin/Documents/MSc/6th-Sem/Networked_Embedded_Systems/Lab/Project_2/2018w/mspgcc-4.7.3/bin/../lib/gcc/msp430/4.7.3/mmpy-16/libcrt0.a(__watchdog_support.o)
                0x0000000000002b4c                __wdt_clear_value
                0x0000000000002b4e                . = ALIGN (0x2)
                0x0000000000002b4e                __noinit_end = .
                0x0000000000002b4e                . = ALIGN (0x2)
                0x0000000000002b4e                _end = .

.infomem        0x0000000000001000        0x0
                0x0000000000001000                . = ALIGN (0x2)